Archive member included to satisfy reference by file (symbol)

C:/ST/STM32CubeIDE_1.13.2/STM32CubeIDE/plugins/com.st.stm32cube.ide.mcu.externaltools.gnu-tools-for-stm32.11.3.rel1.win32_1.1.1.202309131626/tools/bin/../lib/gcc/arm-none-eabi/11.3.1/../../../../arm-none-eabi/lib/thumb/v7-m/nofp\libc_nano.a(libc_a-exit.o)
                              C:/ST/STM32CubeIDE_1.13.2/STM32CubeIDE/plugins/com.st.stm32cube.ide.mcu.externaltools.gnu-tools-for-stm32.11.3.rel1.win32_1.1.1.202309131626/tools/bin/../lib/gcc/arm-none-eabi/11.3.1/../../../../arm-none-eabi/lib/thumb/v7-m/nofp/crt0.o (exit)
C:/ST/STM32CubeIDE_1.13.2/STM32CubeIDE/plugins/com.st.stm32cube.ide.mcu.externaltools.gnu-tools-for-stm32.11.3.rel1.win32_1.1.1.202309131626/tools/bin/../lib/gcc/arm-none-eabi/11.3.1/../../../../arm-none-eabi/lib/thumb/v7-m/nofp\libc_nano.a(libc_a-findfp.o)
                              C:/ST/STM32CubeIDE_1.13.2/STM32CubeIDE/plugins/com.st.stm32cube.ide.mcu.externaltools.gnu-tools-for-stm32.11.3.rel1.win32_1.1.1.202309131626/tools/bin/../lib/gcc/arm-none-eabi/11.3.1/../../../../arm-none-eabi/lib/thumb/v7-m/nofp\libc_nano.a(libc_a-exit.o) (__stdio_exit_handler)
C:/ST/STM32CubeIDE_1.13.2/STM32CubeIDE/plugins/com.st.stm32cube.ide.mcu.externaltools.gnu-tools-for-stm32.11.3.rel1.win32_1.1.1.202309131626/tools/bin/../lib/gcc/arm-none-eabi/11.3.1/../../../../arm-none-eabi/lib/thumb/v7-m/nofp\libc_nano.a(libc_a-fwalk.o)
                              C:/ST/STM32CubeIDE_1.13.2/STM32CubeIDE/plugins/com.st.stm32cube.ide.mcu.externaltools.gnu-tools-for-stm32.11.3.rel1.win32_1.1.1.202309131626/tools/bin/../lib/gcc/arm-none-eabi/11.3.1/../../../../arm-none-eabi/lib/thumb/v7-m/nofp\libc_nano.a(libc_a-findfp.o) (_fwalk_sglue)
C:/ST/STM32CubeIDE_1.13.2/STM32CubeIDE/plugins/com.st.stm32cube.ide.mcu.externaltools.gnu-tools-for-stm32.11.3.rel1.win32_1.1.1.202309131626/tools/bin/../lib/gcc/arm-none-eabi/11.3.1/../../../../arm-none-eabi/lib/thumb/v7-m/nofp\libc_nano.a(libc_a-sprintf.o)
                              ./Core/Src/main.o (sprintf)
C:/ST/STM32CubeIDE_1.13.2/STM32CubeIDE/plugins/com.st.stm32cube.ide.mcu.externaltools.gnu-tools-for-stm32.11.3.rel1.win32_1.1.1.202309131626/tools/bin/../lib/gcc/arm-none-eabi/11.3.1/../../../../arm-none-eabi/lib/thumb/v7-m/nofp\libc_nano.a(libc_a-stdio.o)
                              C:/ST/STM32CubeIDE_1.13.2/STM32CubeIDE/plugins/com.st.stm32cube.ide.mcu.externaltools.gnu-tools-for-stm32.11.3.rel1.win32_1.1.1.202309131626/tools/bin/../lib/gcc/arm-none-eabi/11.3.1/../../../../arm-none-eabi/lib/thumb/v7-m/nofp\libc_nano.a(libc_a-findfp.o) (__sread)
C:/ST/STM32CubeIDE_1.13.2/STM32CubeIDE/plugins/com.st.stm32cube.ide.mcu.externaltools.gnu-tools-for-stm32.11.3.rel1.win32_1.1.1.202309131626/tools/bin/../lib/gcc/arm-none-eabi/11.3.1/../../../../arm-none-eabi/lib/thumb/v7-m/nofp\libc_nano.a(libc_a-memset.o)
                              C:/ST/STM32CubeIDE_1.13.2/STM32CubeIDE/plugins/com.st.stm32cube.ide.mcu.externaltools.gnu-tools-for-stm32.11.3.rel1.win32_1.1.1.202309131626/tools/bin/../lib/gcc/arm-none-eabi/11.3.1/../../../../arm-none-eabi/lib/thumb/v7-m/nofp/crt0.o (memset)
C:/ST/STM32CubeIDE_1.13.2/STM32CubeIDE/plugins/com.st.stm32cube.ide.mcu.externaltools.gnu-tools-for-stm32.11.3.rel1.win32_1.1.1.202309131626/tools/bin/../lib/gcc/arm-none-eabi/11.3.1/../../../../arm-none-eabi/lib/thumb/v7-m/nofp\libc_nano.a(libc_a-closer.o)
                              C:/ST/STM32CubeIDE_1.13.2/STM32CubeIDE/plugins/com.st.stm32cube.ide.mcu.externaltools.gnu-tools-for-stm32.11.3.rel1.win32_1.1.1.202309131626/tools/bin/../lib/gcc/arm-none-eabi/11.3.1/../../../../arm-none-eabi/lib/thumb/v7-m/nofp\libc_nano.a(libc_a-stdio.o) (_close_r)
C:/ST/STM32CubeIDE_1.13.2/STM32CubeIDE/plugins/com.st.stm32cube.ide.mcu.externaltools.gnu-tools-for-stm32.11.3.rel1.win32_1.1.1.202309131626/tools/bin/../lib/gcc/arm-none-eabi/11.3.1/../../../../arm-none-eabi/lib/thumb/v7-m/nofp\libc_nano.a(libc_a-reent.o)
                              C:/ST/STM32CubeIDE_1.13.2/STM32CubeIDE/plugins/com.st.stm32cube.ide.mcu.externaltools.gnu-tools-for-stm32.11.3.rel1.win32_1.1.1.202309131626/tools/bin/../lib/gcc/arm-none-eabi/11.3.1/../../../../arm-none-eabi/lib/thumb/v7-m/nofp\libc_nano.a(libc_a-closer.o) (errno)
C:/ST/STM32CubeIDE_1.13.2/STM32CubeIDE/plugins/com.st.stm32cube.ide.mcu.externaltools.gnu-tools-for-stm32.11.3.rel1.win32_1.1.1.202309131626/tools/bin/../lib/gcc/arm-none-eabi/11.3.1/../../../../arm-none-eabi/lib/thumb/v7-m/nofp\libc_nano.a(libc_a-impure.o)
                              C:/ST/STM32CubeIDE_1.13.2/STM32CubeIDE/plugins/com.st.stm32cube.ide.mcu.externaltools.gnu-tools-for-stm32.11.3.rel1.win32_1.1.1.202309131626/tools/bin/../lib/gcc/arm-none-eabi/11.3.1/../../../../arm-none-eabi/lib/thumb/v7-m/nofp\libc_nano.a(libc_a-sprintf.o) (_impure_ptr)
[...]
Memory Configuration

Name             Origin             Length             Attributes
RAM              0x0000000020000000 0x0000000000005000 xrw
FLASH            0x0000000008000000 0x0000000000010000 xr
*default*        0x0000000000000000 0xffffffffffffffff

Linker script and memory map

LOAD C:/ST/STM32CubeIDE_1.13.2/STM32CubeIDE/plugins/com.st.stm32cube.ide.mcu.externaltools.gnu-tools-for-stm32.11.3.rel1.win32_1.1.1.202309131626/tools/bin/../lib/gcc/arm-none-eabi/11.3.1/thumb/v7-m/nofp/crti.o
LOAD C:/ST/STM32CubeIDE_1.13.2/STM32CubeIDE/plugins/com.st.stm32cube.ide.mcu.externaltools.gnu-tools-for-stm32.11.3.rel1.win32_1.1.1.202309131626/tools/bin/../lib/gcc/arm-none-eabi/11.3.1/thumb/v7-m/nofp/crtbegin.o
LOAD C:/ST/STM32CubeIDE_1.13.2/STM32CubeIDE/plugins/com.st.stm32cube.ide.mcu.externaltools.gnu-tools-for-stm32.11.3.rel1.win32_1.1.1.202309131626/tools/bin/../lib/gcc/arm-none-eabi/11.3.1/../../../../arm-none-eabi/lib/thumb/v7-m/nofp/crt0.o
LOAD ./Core/Src/adc.o
LOAD ./Core/Src/dma.o
LOAD ./Core/Src/fatfs_sd.o
LOAD ./Core/Src/gpio.o
LOAD ./Core/Src/i2c.o
LOAD ./Core/Src/main.o
LOAD ./Core/Src/rtc.o
LOAD ./Core/Src/spi.o
LOAD ./Core/Src/stm32f1xx_hal_msp.o
LOAD ./Core/Src/stm32f1xx_it.o
LOAD ./Core/Src/syscalls.o
LOAD ./Core/Src/sysmem.o
LOAD ./Core/Src/system_stm32f1xx.o
LOAD ./Core/Src/tim.o
LOAD ./Core/Src/usart.o
LOAD ./Core/Startup/startup_stm32f103c8tx.o
LOAD ./Drivers/STM32F1xx_HAL_Driver/Src/stm32f1xx_hal.o
LOAD ./Drivers/STM32F1xx_HAL_Driver/Src/stm32f1xx_hal_adc.o
LOAD ./Drivers/STM32F1xx_HAL_Driver/Src/stm32f1xx_hal_adc_ex.o
LOAD ./Drivers/STM32F1xx_HAL_Driver/Src/stm32f1xx_hal_cortex.o
LOAD ./Drivers/STM32F1xx_HAL_Driver/Src/stm32f1xx_hal_dma.o
LOAD ./Drivers/STM32F1xx_HAL_Driver/Src/stm32f1xx_hal_exti.o
LOAD ./Drivers/STM32F1xx_HAL_Driver/Src/stm32f1xx_hal_flash.o
LOAD ./Drivers/STM32F1xx_HAL_Driver/Src/stm32f1xx_hal_flash_ex.o
LOAD ./Drivers/STM32F1xx_HAL_Driver/Src/stm32f1xx_hal_gpio.o
LOAD ./Drivers/STM32F1xx_HAL_Driver/Src/stm32f1xx_hal_gpio_ex.o
LOAD ./Drivers/STM32F1xx_HAL_Driver/Src/stm32f1xx_hal_i2c.o
LOAD ./Drivers/STM32F1xx_HAL_Driver/Src/stm32f1xx_hal_pwr.o
LOAD ./Drivers/STM32F1xx_HAL_Driver/Src/stm32f1xx_hal_rcc.o
LOAD ./Drivers/STM32F1xx_HAL_Driver/Src/stm32f1xx_hal_rcc_ex.o
LOAD ./Drivers/STM32F1xx_HAL_Driver/Src/stm32f1xx_hal_rtc.o
LOAD ./Drivers/STM32F1xx_HAL_Driver/Src/stm32f1xx_hal_rtc_ex.o
LOAD ./Drivers/STM32F1xx_HAL_Driver/Src/stm32f1xx_hal_spi.o
LOAD ./Drivers/STM32F1xx_HAL_Driver/Src/stm32f1xx_hal_tim.o
LOAD ./Drivers/STM32F1xx_HAL_Driver/Src/stm32f1xx_hal_tim_ex.o
LOAD ./Drivers/STM32F1xx_HAL_Driver/Src/stm32f1xx_hal_uart.o
LOAD ./FATFS/App/fatfs.o
LOAD ./FATFS/Target/user_diskio.o
LOAD ./Middlewares/Third_Party/FatFs/src/diskio.o
LOAD ./Middlewares/Third_Party/FatFs/src/ff.o
LOAD ./Middlewares/Third_Party/FatFs/src/ff_gen_drv.o
LOAD ./Middlewares/Third_Party/FatFs/src/option/ccsbcs.o
LOAD ./Middlewares/Third_Party/FatFs/src/option/syscall.o
START GROUP
LOAD C:/ST/STM32CubeIDE_1.13.2/STM32CubeIDE/plugins/com.st.stm32cube.ide.mcu.externaltools.gnu-tools-for-stm32.11.3.rel1.win32_1.1.1.202309131626/tools/bin/../lib/gcc/arm-none-eabi/11.3.1/../../../../arm-none-eabi/lib/thumb/v7-m/nofp\libc_nano.a
LOAD C:/ST/STM32CubeIDE_1.13.2/STM32CubeIDE/plugins/com.st.stm32cube.ide.mcu.externaltools.gnu-tools-for-stm32.11.3.rel1.win32_1.1.1.202309131626/tools/bin/../lib/gcc/arm-none-eabi/11.3.1/../../../../arm-none-eabi/lib/thumb/v7-m/nofp\libm.a
END GROUP
START GROUP
LOAD C:/ST/STM32CubeIDE_1.13.2/STM32CubeIDE/plugins/com.st.stm32cube.ide.mcu.externaltools.gnu-tools-for-stm32.11.3.rel1.win32_1.1.1.202309131626/tools/bin/../lib/gcc/arm-none-eabi/11.3.1/thumb/v7-m/nofp\libgcc.a
LOAD C:/ST/STM32CubeIDE_1.13.2/STM32CubeIDE/plugins/com.st.stm32cube.ide.mcu.externaltools.gnu-tools-for-stm32.11.3.rel1.win32_1.1.1.202309131626/tools/bin/../lib/gcc/arm-none-eabi/11.3.1/../../../../arm-none-eabi/lib/thumb/v7-m/nofp\libc_nano.a
END GROUP
START GROUP
LOAD C:/ST/STM32CubeIDE_1.13.2/STM32CubeIDE/plugins/com.st.stm32cube.ide.mcu.externaltools.gnu-tools-for-stm32.11.3.rel1.win32_1.1.1.202309131626/tools/bin/../lib/gcc/arm-none-eabi/11.3.1/thumb/v7-m/nofp\libgcc.a
LOAD C:/ST/STM32CubeIDE_1.13.2/STM32CubeIDE/plugins/com.st.stm32cube.ide.mcu.externaltools.gnu-tools-for-stm32.11.3.rel1.win32_1.1.1.202309131626/tools/bin/../lib/gcc/arm-none-eabi/11.3.1/../../../../arm-none-eabi/lib/thumb/v7-m/nofp\libc_nano.a
LOAD C:/ST/STM32CubeIDE_1.13.2/STM32CubeIDE/plugins/com.st.stm32cube.ide.mcu.externaltools.gnu-tools-for-stm32.11.3.rel1.win32_1.1.1.202309131626/tools/bin/../lib/gcc/arm-none-eabi/11.3.1/../../../../arm-none-eabi/lib/thumb/v7-m/nofp\libnosys.a
END GROUP
START GROUP
LOAD C:/ST/STM32CubeIDE_1.13.2/STM32CubeIDE/plugins/com.st.stm32cube.ide.mcu.externaltools.gnu-tools-for-stm32.11.3.rel1.win32_1.1.1.202309131626/tools/bin/../lib/gcc/arm-none-eabi/11.3.1/thumb/v7-m/nofp\libgcc.a
LOAD C:/ST/STM32CubeIDE_1.13.2/STM32CubeIDE/plugins/com.st.stm32cube.ide.mcu.externaltools.gnu-tools-for-stm32.11.3.rel1.win32_1.1.1.202309131626/tools/bin/../lib/gcc/arm-none-eabi/11.3.1/../../../../arm-none-eabi/lib/thumb/v7-m/nofp\libc_nano.a
LOAD C:/ST/STM32CubeIDE_1.13.2/STM32CubeIDE/plugins/com.st.stm32cube.ide.mcu.externaltools.gnu-tools-for-stm32.11.3.rel1.win32_1.1.1.202309131626/tools/bin/../lib/gcc/arm-none-eabi/11.3.1/../../../../arm-none-eabi/lib/thumb/v7-m/nofp\libnosys.a
END GROUP
LOAD C:/ST/STM32CubeIDE_1.13.2/STM32CubeIDE/plugins/com.st.stm32cube.ide.mcu.externaltools.gnu-tools-for-stm32.11.3.rel1.win32_1.1.1.202309131626/tools/bin/../lib/gcc/arm-none-eabi/11.3.1/thumb/v7-m/nofp/crtend.o
LOAD C:/ST/STM32CubeIDE_1.13.2/STM32CubeIDE/plugins/com.st.stm32cube.ide.mcu.externaltools.gnu-tools-for-stm32.11.3.rel1.win32_1.1.1.202309131626/tools/bin/../lib/gcc/arm-none-eabi/11.3.1/thumb/v7-m/nofp/crtn.o
                0x0000000020005000                _estack = (ORIGIN (RAM) + LENGTH (RAM))
                0x0000000000000200                _Min_Heap_Size = 0x200
                0x0000000000000400                _Min_Stack_Size = 0x400

.isr_vector     0x0000000008000000      0x10c
                0x0000000008000000                . = ALIGN (0x4)
 *(.isr_vector)
 .isr_vector    0x0000000008000000      0x10c ./Core/Startup/startup_stm32f103c8tx.o
                0x0000000008000000                g_pfnVectors
                0x000000000800010c                . = ALIGN (0x4)

.text           0x000000000800010c     0x7ca8
                0x000000000800010c                . = ALIGN (0x4)
 *(.text)
 .text          0x000000000800010c       0x40 C:/ST/STM32CubeIDE_1.13.2/STM32CubeIDE/plugins/com.st.stm32cube.ide.mcu.externaltools.gnu-tools-for-stm32.11.3.rel1.win32_1.1.1.202309131626/tools/bin/../lib/gcc/arm-none-eabi/11.3.1/thumb/v7-m/nofp/crtbegin.o
 *(.text*)
 .text.MX_ADC1_Init
                0x000000000800014c       0x7c ./Core/Src/adc.o
                0x000000000800014c                MX_ADC1_Init
 .text.MX_ADC2_Init
                0x00000000080001c8       0x7c ./Core/Src/adc.o
                0x00000000080001c8                MX_ADC2_Init
 .text.HAL_ADC_MspInit
                0x0000000008000244       0xec ./Core/Src/adc.o
                0x0000000008000244                HAL_ADC_MspInit
 .text.SELECT   0x0000000008000330       0x1c ./Core/Src/fatfs_sd.o
 .text.DESELECT
                0x000000000800034c       0x1c ./Core/Src/fatfs_sd.o
 .text.SPI_TxByte
                0x0000000008000368       0x34 ./Core/Src/fatfs_sd.o
 .text.SPI_TxBuffer
                0x000000000800039c       0x34 ./Core/Src/fatfs_sd.o
 .text.SPI_RxByte
                0x00000000080003d0       0x38 ./Core/Src/fatfs_sd.o
 .text.SPI_RxBytePtr
                0x0000000008000408       0x1c ./Core/Src/fatfs_sd.o
 .text.SD_ReadyWait
                0x0000000008000424       0x34 ./Core/Src/fatfs_sd.o
 .text.SD_PowerOn
                0x0000000008000458       0x84 ./Core/Src/fatfs_sd.o
 .text.SD_PowerOff
                0x00000000080004dc       0x18 ./Core/Src/fatfs_sd.o
 .text.SD_CheckPower
                0x00000000080004f4       0x14 ./Core/Src/fatfs_sd.o
 .text.SD_RxDataBlock
                0x0000000008000508       0x5c ./Core/Src/fatfs_sd.o
 .text.SD_TxDataBlock
                0x0000000008000564       0x86 ./Core/Src/fatfs_sd.o
 .text.SD_SendCmd
                0x00000000080005ea       0xa8 ./Core/Src/fatfs_sd.o
 *fill*         0x0000000008000692        0x2 
 .text.SD_disk_initialize
                0x0000000008000694      0x1cc ./Core/Src/fatfs_sd.o
                0x0000000008000694                SD_disk_initialize
 .text.SD_disk_status
                0x0000000008000860       0x28 ./Core/Src/fatfs_sd.o
                0x0000000008000860                SD_disk_status
 .text.SD_disk_read
                0x0000000008000888       0xd4 ./Core/Src/fatfs_sd.o
                0x0000000008000888                SD_disk_read
 .text.SD_disk_write
                0x000000000800095c      0x108 ./Core/Src/fatfs_sd.o
                0x000000000800095c                SD_disk_write
 .text.SD_disk_ioctl
                0x0000000008000a64      0x258 ./Core/Src/fatfs_sd.o
                0x0000000008000a64                SD_disk_ioctl
 .text.MX_GPIO_Init
                0x0000000008000cbc      0x104 ./Core/Src/gpio.o
                0x0000000008000cbc                MX_GPIO_Init
 .text.MX_I2C1_Init
                0x0000000008000dc0       0x5c ./Core/Src/i2c.o
                0x0000000008000dc0                MX_I2C1_Init
 .text.HAL_I2C_MspInit
                0x0000000008000e1c       0xa0 ./Core/Src/i2c.o
                0x0000000008000e1c                HAL_I2C_MspInit
 .text.main     0x0000000008000ebc      0x244 ./Core/Src/main.o
                0x0000000008000ebc                main
 .text.SystemClock_Config
                0x0000000008001100       0xc2 ./Core/Src/main.o
                0x0000000008001100                SystemClock_Config
 *fill*         0x00000000080011c2        0x2 
 .text.HAL_GPIO_EXTI_Callback
                0x00000000080011c4       0x24 ./Core/Src/main.o
                0x00000000080011c4                HAL_GPIO_EXTI_Callback
 .text.WriteByte
                0x00000000080011e8       0x40 ./Core/Src/main.o
                0x00000000080011e8                WriteByte
 .text.ReadByte
                0x0000000008001228       0x4c ./Core/Src/main.o
                0x0000000008001228                ReadByte
 .text.VL6180X_Init
                0x0000000008001274      0x1d4 ./Core/Src/main.o
                0x0000000008001274                VL6180X_Init
 .text.VL6180X_Start_Range
                0x0000000008001448       0x12 ./Core/Src/main.o
                0x0000000008001448                VL6180X_Start_Range
 .text.VL6180X_Poll_Range
                0x000000000800145a       0x42 ./Core/Src/main.o
                0x000000000800145a                VL6180X_Poll_Range
 .text.VL6180X_Read_Range
                0x000000000800149c       0x1a ./Core/Src/main.o
                0x000000000800149c                VL6180X_Read_Range
 .text.VL6180X_Clear_Interrupts
                0x00000000080014b6       0x12 ./Core/Src/main.o
                0x00000000080014b6                VL6180X_Clear_Interrupts
 .text.FSR_Check
                0x00000000080014c8       0x24 ./Core/Src/main.o
                0x00000000080014c8                FSR_Check
 .text.buzzer   0x00000000080014ec       0x64 ./Core/Src/main.o
                0x00000000080014ec                buzzer
 .text.VL6180x_offset
                0x0000000008001550       0x48 ./Core/Src/main.o
                0x0000000008001550                VL6180x_offset
 .text.FSR_offset
                0x0000000008001598       0x5c ./Core/Src/main.o
                0x0000000008001598                FSR_offset
 .text.calculate_frequency
                0x00000000080015f4       0x50 ./Core/Src/main.o
                0x00000000080015f4                calculate_frequency
 .text.Error_Handler
                0x0000000008001644        0xa ./Core/Src/main.o
                0x0000000008001644                Error_Handler
 *fill*         0x000000000800164e        0x2 
 .text.MX_RTC_Init
                0x0000000008001650       0xc8 ./Core/Src/rtc.o
                0x0000000008001650                MX_RTC_Init
 .text.HAL_RTC_MspInit
                0x0000000008001718       0x48 ./Core/Src/rtc.o
                0x0000000008001718                HAL_RTC_MspInit
 .text.MX_SPI1_Init
                0x0000000008001760       0x6c ./Core/Src/spi.o
                0x0000000008001760                MX_SPI1_Init
 .text.HAL_SPI_MspInit
                0x00000000080017cc       0x94 ./Core/Src/spi.o
                0x00000000080017cc                HAL_SPI_MspInit
 .text.HAL_MspInit
                0x0000000008001860       0x64 ./Core/Src/stm32f1xx_hal_msp.o
                0x0000000008001860                HAL_MspInit
 .text.NMI_Handler
                0x00000000080018c4        0x6 ./Core/Src/stm32f1xx_it.o
                0x00000000080018c4                NMI_Handler
 .text.HardFault_Handler
                0x00000000080018ca        0x6 ./Core/Src/stm32f1xx_it.o
                0x00000000080018ca                HardFault_Handler
 .text.MemManage_Handler
                0x00000000080018d0        0x6 ./Core/Src/stm32f1xx_it.o
                0x00000000080018d0                MemManage_Handler
 .text.BusFault_Handler
                0x00000000080018d6        0x6 ./Core/Src/stm32f1xx_it.o
                0x00000000080018d6                BusFault_Handler
 .text.UsageFault_Handler
                0x00000000080018dc        0x6 ./Core/Src/stm32f1xx_it.o
                0x00000000080018dc                UsageFault_Handler
 .text.SVC_Handler
                0x00000000080018e2        0xc ./Core/Src/stm32f1xx_it.o
                0x00000000080018e2                SVC_Handler
 .text.DebugMon_Handler
                0x00000000080018ee        0xc ./Core/Src/stm32f1xx_it.o
                0x00000000080018ee                DebugMon_Handler
 .text.PendSV_Handler
                0x00000000080018fa        0xc ./Core/Src/stm32f1xx_it.o
                0x00000000080018fa                PendSV_Handler
 *fill*         0x0000000008001906        0x2 
 .text.SysTick_Handler
                0x0000000008001908       0x3c ./Core/Src/stm32f1xx_it.o
                0x0000000008001908                SysTick_Handler
 .text.EXTI1_IRQHandler
                0x0000000008001944        0xe ./Core/Src/stm32f1xx_it.o
                0x0000000008001944                EXTI1_IRQHandler
 *fill*         0x0000000008001952        0x2 
 .text.ADC1_2_IRQHandler
                0x0000000008001954       0x1c ./Core/Src/stm32f1xx_it.o
                0x0000000008001954                ADC1_2_IRQHandler
 .text.TIM3_IRQHandler
                0x0000000008001970       0x3c ./Core/Src/stm32f1xx_it.o
                0x0000000008001970                TIM3_IRQHandler
 .text._sbrk    0x00000000080019ac       0x6c ./Core/Src/sysmem.o
                0x00000000080019ac                _sbrk
 .text.SystemInit
                0x0000000008001a18        0xc ./Core/Src/system_stm32f1xx.o
                0x0000000008001a18                SystemInit
 .text.MX_TIM2_Init
                0x0000000008001a24       0xec ./Core/Src/tim.o
                0x0000000008001a24                MX_TIM2_Init
 .text.MX_TIM3_Init
                0x0000000008001b10       0x9c ./Core/Src/tim.o
                0x0000000008001b10                MX_TIM3_Init
 .text.HAL_TIM_Base_MspInit
                0x0000000008001bac       0x70 ./Core/Src/tim.o
                0x0000000008001bac                HAL_TIM_Base_MspInit
 .text.HAL_TIM_MspPostInit
                0x0000000008001c1c       0x8c ./Core/Src/tim.o
                0x0000000008001c1c                HAL_TIM_MspPostInit
 .text.MX_USART1_UART_Init
                0x0000000008001ca8       0x54 ./Core/Src/usart.o
                0x0000000008001ca8                MX_USART1_UART_Init
 .text.HAL_UART_MspInit
                0x0000000008001cfc       0x98 ./Core/Src/usart.o
                0x0000000008001cfc                HAL_UART_MspInit
 .text.Reset_Handler
                0x0000000008001d94       0x48 ./Core/Startup/startup_stm32f103c8tx.o
                0x0000000008001d94                Reset_Handler
 .text.Default_Handler
                0x0000000008001ddc        0x2 ./Core/Startup/startup_stm32f103c8tx.o
                0x0000000008001ddc                RTC_Alarm_IRQHandler
                0x0000000008001ddc                EXTI2_IRQHandler
                0x0000000008001ddc                TIM1_CC_IRQHandler
                0x0000000008001ddc                PVD_IRQHandler
                0x0000000008001ddc                EXTI3_IRQHandler
                0x0000000008001ddc                EXTI0_IRQHandler
                0x0000000008001ddc                I2C2_EV_IRQHandler
                0x0000000008001ddc                SPI1_IRQHandler
                0x0000000008001ddc                TAMPER_IRQHandler
                0x0000000008001ddc                DMA1_Channel4_IRQHandler
                0x0000000008001ddc                USART3_IRQHandler
                0x0000000008001ddc                RTC_IRQHandler
                0x0000000008001ddc                DMA1_Channel7_IRQHandler
                0x0000000008001ddc                CAN1_RX1_IRQHandler
                0x0000000008001ddc                TIM4_IRQHandler
                0x0000000008001ddc                I2C1_EV_IRQHandler
                0x0000000008001ddc                DMA1_Channel6_IRQHandler
                0x0000000008001ddc                RCC_IRQHandler
                0x0000000008001ddc                TIM1_TRG_COM_IRQHandler
                0x0000000008001ddc                DMA1_Channel1_IRQHandler
                0x0000000008001ddc                Default_Handler
                0x0000000008001ddc                EXTI15_10_IRQHandler
                0x0000000008001ddc                EXTI9_5_IRQHandler
                0x0000000008001ddc                SPI2_IRQHandler
                0x0000000008001ddc                DMA1_Channel5_IRQHandler
                0x0000000008001ddc                EXTI4_IRQHandler
                0x0000000008001ddc                USB_LP_CAN1_RX0_IRQHandler
                0x0000000008001ddc                USB_HP_CAN1_TX_IRQHandler
                0x0000000008001ddc                DMA1_Channel3_IRQHandler
                0x0000000008001ddc                TIM1_UP_IRQHandler
                0x0000000008001ddc                WWDG_IRQHandler
                0x0000000008001ddc                TIM2_IRQHandler
                0x0000000008001ddc                TIM1_BRK_IRQHandler
                0x0000000008001ddc                USART2_IRQHandler
                0x0000000008001ddc                I2C2_ER_IRQHandler
                0x0000000008001ddc                DMA1_Channel2_IRQHandler
                0x0000000008001ddc                CAN1_SCE_IRQHandler
                0x0000000008001ddc                FLASH_IRQHandler
                0x0000000008001ddc                USART1_IRQHandler
                0x0000000008001ddc                I2C1_ER_IRQHandler
                0x0000000008001ddc                USBWakeUp_IRQHandler
 *fill*         0x0000000008001dde        0x2 
 .text.HAL_Init
                0x0000000008001de0       0x2c ./Drivers/STM32F1xx_HAL_Driver/Src/stm32f1xx_hal.o
                0x0000000008001de0                HAL_Init
 .text.HAL_InitTick
                0x0000000008001e0c       0x60 ./Drivers/STM32F1xx_HAL_Driver/Src/stm32f1xx_hal.o
                0x0000000008001e0c                HAL_InitTick
 .text.HAL_IncTick
                0x0000000008001e6c       0x24 ./Drivers/STM32F1xx_HAL_Driver/Src/stm32f1xx_hal.o
                0x0000000008001e6c                HAL_IncTick
 .text.HAL_GetTick
                0x0000000008001e90       0x14 ./Drivers/STM32F1xx_HAL_Driver/Src/stm32f1xx_hal.o
                0x0000000008001e90                HAL_GetTick
 .text.HAL_Delay
                0x0000000008001ea4       0x48 ./Drivers/STM32F1xx_HAL_Driver/Src/stm32f1xx_hal.o
                0x0000000008001ea4                HAL_Delay
 .text.HAL_ADC_Init
                0x0000000008001eec      0x1b0 ./Drivers/STM32F1xx_HAL_Driver/Src/stm32f1xx_hal_adc.o
                0x0000000008001eec                HAL_ADC_Init
 .text.HAL_ADC_Start
                0x000000000800209c      0x15c ./Drivers/STM32F1xx_HAL_Driver/Src/stm32f1xx_hal_adc.o
                0x000000000800209c                HAL_ADC_Start
 .text.HAL_ADC_PollForConversion
                0x00000000080021f8      0x20c ./Drivers/STM32F1xx_HAL_Driver/Src/stm32f1xx_hal_adc.o
                0x00000000080021f8                HAL_ADC_PollForConversion
 .text.HAL_ADC_GetValue
                0x0000000008002404       0x18 ./Drivers/STM32F1xx_HAL_Driver/Src/stm32f1xx_hal_adc.o
                0x0000000008002404                HAL_ADC_GetValue
 .text.HAL_ADC_IRQHandler
                0x000000000800241c      0x17e ./Drivers/STM32F1xx_HAL_Driver/Src/stm32f1xx_hal_adc.o
                0x000000000800241c                HAL_ADC_IRQHandler
 .text.HAL_ADC_ConvCpltCallback
                0x000000000800259a       0x12 ./Drivers/STM32F1xx_HAL_Driver/Src/stm32f1xx_hal_adc.o
                0x000000000800259a                HAL_ADC_ConvCpltCallback
 .text.HAL_ADC_LevelOutOfWindowCallback
                0x00000000080025ac       0x12 ./Drivers/STM32F1xx_HAL_Driver/Src/stm32f1xx_hal_adc.o
                0x00000000080025ac                HAL_ADC_LevelOutOfWindowCallback
 *fill*         0x00000000080025be        0x2 
 .text.HAL_ADC_ConfigChannel
                0x00000000080025c0      0x1f0 ./Drivers/STM32F1xx_HAL_Driver/Src/stm32f1xx_hal_adc.o
                0x00000000080025c0                HAL_ADC_ConfigChannel
 .text.ADC_Enable
                0x00000000080027b0       0xb4 ./Drivers/STM32F1xx_HAL_Driver/Src/stm32f1xx_hal_adc.o
                0x00000000080027b0                ADC_Enable
 .text.ADC_ConversionStop_Disable
                0x0000000008002864       0x82 ./Drivers/STM32F1xx_HAL_Driver/Src/stm32f1xx_hal_adc.o
                0x0000000008002864                ADC_ConversionStop_Disable
 *fill*         0x00000000080028e6        0x2 
 .text.HAL_ADCEx_Calibration_Start
                0x00000000080028e8      0x15c ./Drivers/STM32F1xx_HAL_Driver/Src/stm32f1xx_hal_adc_ex.o
                0x00000000080028e8                HAL_ADCEx_Calibration_Start
 .text.HAL_ADCEx_InjectedConvCpltCallback
                0x0000000008002a44       0x12 ./Drivers/STM32F1xx_HAL_Driver/Src/stm32f1xx_hal_adc_ex.o
                0x0000000008002a44                HAL_ADCEx_InjectedConvCpltCallback
 *fill*         0x0000000008002a56        0x2 
 .text.__NVIC_SetPriorityGrouping
                0x0000000008002a58       0x48 ./Drivers/STM32F1xx_HAL_Driver/Src/stm32f1xx_hal_cortex.o
 .text.__NVIC_GetPriorityGrouping
                0x0000000008002aa0       0x1c ./Drivers/STM32F1xx_HAL_Driver/Src/stm32f1xx_hal_cortex.o
 .text.__NVIC_EnableIRQ
                0x0000000008002abc       0x38 ./Drivers/STM32F1xx_HAL_Driver/Src/stm32f1xx_hal_cortex.o
 .text.__NVIC_SetPriority
                0x0000000008002af4       0x54 ./Drivers/STM32F1xx_HAL_Driver/Src/stm32f1xx_hal_cortex.o
 .text.NVIC_EncodePriority
                0x0000000008002b48       0x64 ./Drivers/STM32F1xx_HAL_Driver/Src/stm32f1xx_hal_cortex.o
 .text.SysTick_Config
                0x0000000008002bac       0x44 ./Drivers/STM32F1xx_HAL_Driver/Src/stm32f1xx_hal_cortex.o
 .text.HAL_NVIC_SetPriorityGrouping
                0x0000000008002bf0       0x16 ./Drivers/STM32F1xx_HAL_Driver/Src/stm32f1xx_hal_cortex.o
                0x0000000008002bf0                HAL_NVIC_SetPriorityGrouping
 .text.HAL_NVIC_SetPriority
                0x0000000008002c06       0x38 ./Drivers/STM32F1xx_HAL_Driver/Src/stm32f1xx_hal_cortex.o
                0x0000000008002c06                HAL_NVIC_SetPriority
 .text.HAL_NVIC_EnableIRQ
                0x0000000008002c3e       0x1c ./Drivers/STM32F1xx_HAL_Driver/Src/stm32f1xx_hal_cortex.o
                0x0000000008002c3e                HAL_NVIC_EnableIRQ
 .text.HAL_SYSTICK_Config
                0x0000000008002c5a       0x18 ./Drivers/STM32F1xx_HAL_Driver/Src/stm32f1xx_hal_cortex.o
                0x0000000008002c5a                HAL_SYSTICK_Config
 *fill*         0x0000000008002c72        0x2 
 .text.HAL_GPIO_Init
                0x0000000008002c74      0x308 ./Drivers/STM32F1xx_HAL_Driver/Src/stm32f1xx_hal_gpio.o
                0x0000000008002c74                HAL_GPIO_Init
 .text.HAL_GPIO_WritePin
                0x0000000008002f7c       0x30 ./Drivers/STM32F1xx_HAL_Driver/Src/stm32f1xx_hal_gpio.o
                0x0000000008002f7c                HAL_GPIO_WritePin
 .text.HAL_GPIO_EXTI_IRQHandler
                0x0000000008002fac       0x30 ./Drivers/STM32F1xx_HAL_Driver/Src/stm32f1xx_hal_gpio.o
                0x0000000008002fac                HAL_GPIO_EXTI_IRQHandler
 .text.HAL_I2C_Init
                0x0000000008002fdc      0x288 ./Drivers/STM32F1xx_HAL_Driver/Src/stm32f1xx_hal_i2c.o
                0x0000000008002fdc                HAL_I2C_Init
 .text.HAL_I2C_Master_Transmit
                0x0000000008003264      0x1fc ./Drivers/STM32F1xx_HAL_Driver/Src/stm32f1xx_hal_i2c.o
                0x0000000008003264                HAL_I2C_Master_Transmit
 .text.HAL_I2C_Master_Receive
                0x0000000008003460      0x4d8 ./Drivers/STM32F1xx_HAL_Driver/Src/stm32f1xx_hal_i2c.o
                0x0000000008003460                HAL_I2C_Master_Receive
 .text.I2C_MasterRequestWrite
                0x0000000008003938      0x104 ./Drivers/STM32F1xx_HAL_Driver/Src/stm32f1xx_hal_i2c.o
 .text.I2C_MasterRequestRead
                0x0000000008003a3c      0x19c ./Drivers/STM32F1xx_HAL_Driver/Src/stm32f1xx_hal_i2c.o
 .text.I2C_WaitOnFlagUntilTimeout
                0x0000000008003bd8       0xf4 ./Drivers/STM32F1xx_HAL_Driver/Src/stm32f1xx_hal_i2c.o
 .text.I2C_WaitOnMasterAddressFlagUntilTimeout
                0x0000000008003ccc      0x140 ./Drivers/STM32F1xx_HAL_Driver/Src/stm32f1xx_hal_i2c.o
 .text.I2C_WaitOnTXEFlagUntilTimeout
                0x0000000008003e0c       0x90 ./Drivers/STM32F1xx_HAL_Driver/Src/stm32f1xx_hal_i2c.o
 .text.I2C_WaitOnBTFFlagUntilTimeout
                0x0000000008003e9c       0x90 ./Drivers/STM32F1xx_HAL_Driver/Src/stm32f1xx_hal_i2c.o
 .text.I2C_WaitOnRXNEFlagUntilTimeout
                0x0000000008003f2c       0xba ./Drivers/STM32F1xx_HAL_Driver/Src/stm32f1xx_hal_i2c.o
 .text.I2C_IsAcknowledgeFailed
                0x0000000008003fe6       0x5c ./Drivers/STM32F1xx_HAL_Driver/Src/stm32f1xx_hal_i2c.o
 *fill*         0x0000000008004042        0x2 
 .text.HAL_PWR_EnableBkUpAccess
                0x0000000008004044       0x18 ./Drivers/STM32F1xx_HAL_Driver/Src/stm32f1xx_hal_pwr.o
                0x0000000008004044                HAL_PWR_EnableBkUpAccess
 .text.HAL_RCC_OscConfig
                0x000000000800405c      0x504 ./Drivers/STM32F1xx_HAL_Driver/Src/stm32f1xx_hal_rcc.o
                0x000000000800405c                HAL_RCC_OscConfig
 .text.HAL_RCC_ClockConfig
                0x0000000008004560      0x1d4 ./Drivers/STM32F1xx_HAL_Driver/Src/stm32f1xx_hal_rcc.o
                0x0000000008004560                HAL_RCC_ClockConfig
 .text.HAL_RCC_GetSysClockFreq
                0x0000000008004734       0xa8 ./Drivers/STM32F1xx_HAL_Driver/Src/stm32f1xx_hal_rcc.o
                0x0000000008004734                HAL_RCC_GetSysClockFreq
 .text.HAL_RCC_GetHCLKFreq
                0x00000000080047dc       0x14 ./Drivers/STM32F1xx_HAL_Driver/Src/stm32f1xx_hal_rcc.o
                0x00000000080047dc                HAL_RCC_GetHCLKFreq
 .text.HAL_RCC_GetPCLK1Freq
                0x00000000080047f0       0x28 ./Drivers/STM32F1xx_HAL_Driver/Src/stm32f1xx_hal_rcc.o
                0x00000000080047f0                HAL_RCC_GetPCLK1Freq
 .text.HAL_RCC_GetPCLK2Freq
                0x0000000008004818       0x28 ./Drivers/STM32F1xx_HAL_Driver/Src/stm32f1xx_hal_rcc.o
                0x0000000008004818                HAL_RCC_GetPCLK2Freq
 .text.RCC_Delay
                0x0000000008004840       0x3c ./Drivers/STM32F1xx_HAL_Driver/Src/stm32f1xx_hal_rcc.o
 .text.HAL_RCCEx_PeriphCLKConfig
                0x000000000800487c      0x16c ./Drivers/STM32F1xx_HAL_Driver/Src/stm32f1xx_hal_rcc_ex.o
                0x000000000800487c                HAL_RCCEx_PeriphCLKConfig
 .text.HAL_RCCEx_GetPeriphCLKFreq
                0x00000000080049e8      0x16c ./Drivers/STM32F1xx_HAL_Driver/Src/stm32f1xx_hal_rcc_ex.o
                0x00000000080049e8                HAL_RCCEx_GetPeriphCLKFreq
 .text.HAL_RTC_Init
                0x0000000008004b54      0x118 ./Drivers/STM32F1xx_HAL_Driver/Src/stm32f1xx_hal_rtc.o
                0x0000000008004b54                HAL_RTC_Init
 .text.HAL_RTC_SetTime
                0x0000000008004c6c      0x12e ./Drivers/STM32F1xx_HAL_Driver/Src/stm32f1xx_hal_rtc.o
                0x0000000008004c6c                HAL_RTC_SetTime
 *fill*         0x0000000008004d9a        0x2 
 .text.HAL_RTC_GetTime
                0x0000000008004d9c      0x1b0 ./Drivers/STM32F1xx_HAL_Driver/Src/stm32f1xx_hal_rtc.o
                0x0000000008004d9c                HAL_RTC_GetTime
 .text.HAL_RTC_SetDate
                0x0000000008004f4c      0x16c ./Drivers/STM32F1xx_HAL_Driver/Src/stm32f1xx_hal_rtc.o
                0x0000000008004f4c                HAL_RTC_SetDate
 .text.HAL_RTC_SetAlarm
                0x00000000080050b8      0x132 ./Drivers/STM32F1xx_HAL_Driver/Src/stm32f1xx_hal_rtc.o
                0x00000000080050b8                HAL_RTC_SetAlarm
 .text.HAL_RTC_WaitForSynchro
                0x00000000080051ea       0x5a ./Drivers/STM32F1xx_HAL_Driver/Src/stm32f1xx_hal_rtc.o
                0x00000000080051ea                HAL_RTC_WaitForSynchro
 .text.RTC_ReadTimeCounter
                0x0000000008005244       0x60 ./Drivers/STM32F1xx_HAL_Driver/Src/stm32f1xx_hal_rtc.o
 .text.RTC_WriteTimeCounter
                0x00000000080052a4       0x4e ./Drivers/STM32F1xx_HAL_Driver/Src/stm32f1xx_hal_rtc.o
 .text.RTC_ReadAlarmCounter
                0x00000000080052f2       0x32 ./Drivers/STM32F1xx_HAL_Driver/Src/stm32f1xx_hal_rtc.o
 .text.RTC_WriteAlarmCounter
                0x0000000008005324       0x4e ./Drivers/STM32F1xx_HAL_Driver/Src/stm32f1xx_hal_rtc.o
 .text.RTC_EnterInitMode
                0x0000000008005372       0x50 ./Drivers/STM32F1xx_HAL_Driver/Src/stm32f1xx_hal_rtc.o
 .text.RTC_ExitInitMode
                0x00000000080053c2       0x50 ./Drivers/STM32F1xx_HAL_Driver/Src/stm32f1xx_hal_rtc.o
 .text.RTC_ByteToBcd2
                0x0000000008005412       0x3a ./Drivers/STM32F1xx_HAL_Driver/Src/stm32f1xx_hal_rtc.o
 .text.RTC_Bcd2ToByte
                0x000000000800544c       0x3a ./Drivers/STM32F1xx_HAL_Driver/Src/stm32f1xx_hal_rtc.o
 .text.RTC_DateUpdate
                0x0000000008005486      0x152 ./Drivers/STM32F1xx_HAL_Driver/Src/stm32f1xx_hal_rtc.o
 .text.RTC_IsLeapYear
                0x00000000080055d8       0x64 ./Drivers/STM32F1xx_HAL_Driver/Src/stm32f1xx_hal_rtc.o
 .text.RTC_WeekDayNum
                0x000000000800563c       0xf0 ./Drivers/STM32F1xx_HAL_Driver/Src/stm32f1xx_hal_rtc.o
 .text.HAL_SPI_Init
                0x000000000800572c      0x108 ./Drivers/STM32F1xx_HAL_Driver/Src/stm32f1xx_hal_spi.o
                0x000000000800572c                HAL_SPI_Init
 .text.HAL_SPI_Transmit
                0x0000000008005834      0x286 ./Drivers/STM32F1xx_HAL_Driver/Src/stm32f1xx_hal_spi.o
                0x0000000008005834                HAL_SPI_Transmit
 .text.HAL_SPI_TransmitReceive
                0x0000000008005aba      0x360 ./Drivers/STM32F1xx_HAL_Driver/Src/stm32f1xx_hal_spi.o
                0x0000000008005aba                HAL_SPI_TransmitReceive
 *fill*         0x0000000008005e1a        0x2 
 .text.SPI_WaitFlagStateUntilTimeout
                0x0000000008005e1c      0x110 ./Drivers/STM32F1xx_HAL_Driver/Src/stm32f1xx_hal_spi.o
 .text.SPI_EndRxTxTransaction
                0x0000000008005f2c       0x3c ./Drivers/STM32F1xx_HAL_Driver/Src/stm32f1xx_hal_spi.o
 .text.HAL_TIM_Base_Init
                0x0000000008005f68       0x9e ./Drivers/STM32F1xx_HAL_Driver/Src/stm32f1xx_hal_tim.o
                0x0000000008005f68                HAL_TIM_Base_Init
 *fill*         0x0000000008006006        0x2 
 .text.HAL_TIM_Base_Start_IT
                0x0000000008006008       0xa4 ./Drivers/STM32F1xx_HAL_Driver/Src/stm32f1xx_hal_tim.o
                0x0000000008006008                HAL_TIM_Base_Start_IT
 .text.HAL_TIM_PWM_Init
                0x00000000080060ac       0x9e ./Drivers/STM32F1xx_HAL_Driver/Src/stm32f1xx_hal_tim.o
                0x00000000080060ac                HAL_TIM_PWM_Init
 .text.HAL_TIM_PWM_MspInit
                0x000000000800614a       0x12 ./Drivers/STM32F1xx_HAL_Driver/Src/stm32f1xx_hal_tim.o
                0x000000000800614a                HAL_TIM_PWM_MspInit
 .text.HAL_TIM_PWM_Start
                0x000000000800615c      0x144 ./Drivers/STM32F1xx_HAL_Driver/Src/stm32f1xx_hal_tim.o
                0x000000000800615c                HAL_TIM_PWM_Start
 .text.HAL_TIM_PWM_Stop
                0x00000000080062a0       0xc8 ./Drivers/STM32F1xx_HAL_Driver/Src/stm32f1xx_hal_tim.o
                0x00000000080062a0                HAL_TIM_PWM_Stop
 .text.HAL_TIM_IRQHandler
                0x0000000008006368      0x210 ./Drivers/STM32F1xx_HAL_Driver/Src/stm32f1xx_hal_tim.o
                0x0000000008006368                HAL_TIM_IRQHandler
 .text.HAL_TIM_PWM_ConfigChannel
                0x0000000008006578      0x184 ./Drivers/STM32F1xx_HAL_Driver/Src/stm32f1xx_hal_tim.o
                0x0000000008006578                HAL_TIM_PWM_ConfigChannel
 .text.HAL_TIM_ConfigClockSource
                0x00000000080066fc      0x18e ./Drivers/STM32F1xx_HAL_Driver/Src/stm32f1xx_hal_tim.o
                0x00000000080066fc                HAL_TIM_ConfigClockSource
 .text.HAL_TIM_PeriodElapsedCallback
                0x000000000800688a       0x12 ./Drivers/STM32F1xx_HAL_Driver/Src/stm32f1xx_hal_tim.o
                0x000000000800688a                HAL_TIM_PeriodElapsedCallback
 .text.HAL_TIM_OC_DelayElapsedCallback
                0x000000000800689c       0x12 ./Drivers/STM32F1xx_HAL_Driver/Src/stm32f1xx_hal_tim.o
                0x000000000800689c                HAL_TIM_OC_DelayElapsedCallback
 .text.HAL_TIM_IC_CaptureCallback
                0x00000000080068ae       0x12 ./Drivers/STM32F1xx_HAL_Driver/Src/stm32f1xx_hal_tim.o
                0x00000000080068ae                HAL_TIM_IC_CaptureCallback
 .text.HAL_TIM_PWM_PulseFinishedCallback
                0x00000000080068c0       0x12 ./Drivers/STM32F1xx_HAL_Driver/Src/stm32f1xx_hal_tim.o
                0x00000000080068c0                HAL_TIM_PWM_PulseFinishedCallback
 .text.HAL_TIM_TriggerCallback
                0x00000000080068d2       0x12 ./Drivers/STM32F1xx_HAL_Driver/Src/stm32f1xx_hal_tim.o
                0x00000000080068d2                HAL_TIM_TriggerCallback
 .text.TIM_Base_SetConfig
                0x00000000080068e4       0xc4 ./Drivers/STM32F1xx_HAL_Driver/Src/stm32f1xx_hal_tim.o
                0x00000000080068e4                TIM_Base_SetConfig
 .text.TIM_OC1_SetConfig
                0x00000000080069a8       0xcc ./Drivers/STM32F1xx_HAL_Driver/Src/stm32f1xx_hal_tim.o
 .text.TIM_OC2_SetConfig
                0x0000000008006a74       0xd4 ./Drivers/STM32F1xx_HAL_Driver/Src/stm32f1xx_hal_tim.o
                0x0000000008006a74                TIM_OC2_SetConfig
 .text.TIM_OC3_SetConfig
                0x0000000008006b48       0xd4 ./Drivers/STM32F1xx_HAL_Driver/Src/stm32f1xx_hal_tim.o
 .text.TIM_OC4_SetConfig
                0x0000000008006c1c       0x9c ./Drivers/STM32F1xx_HAL_Driver/Src/stm32f1xx_hal_tim.o
 .text.TIM_TI1_ConfigInputStage
                0x0000000008006cb8       0x5c ./Drivers/STM32F1xx_HAL_Driver/Src/stm32f1xx_hal_tim.o
 .text.TIM_TI2_ConfigInputStage
                0x0000000008006d14       0x5e ./Drivers/STM32F1xx_HAL_Driver/Src/stm32f1xx_hal_tim.o
 .text.TIM_ITRx_SetConfig
                0x0000000008006d72       0x34 ./Drivers/STM32F1xx_HAL_Driver/Src/stm32f1xx_hal_tim.o
 .text.TIM_ETR_SetConfig
                0x0000000008006da6       0x3e ./Drivers/STM32F1xx_HAL_Driver/Src/stm32f1xx_hal_tim.o
                0x0000000008006da6                TIM_ETR_SetConfig
 .text.TIM_CCxChannelCmd
                0x0000000008006de4       0x48 ./Drivers/STM32F1xx_HAL_Driver/Src/stm32f1xx_hal_tim.o
                0x0000000008006de4                TIM_CCxChannelCmd
 .text.HAL_TIMEx_MasterConfigSynchronization
                0x0000000008006e2c       0xbc ./Drivers/STM32F1xx_HAL_Driver/Src/stm32f1xx_hal_tim_ex.o
                0x0000000008006e2c                HAL_TIMEx_MasterConfigSynchronization
 .text.HAL_TIMEx_CommutCallback
                0x0000000008006ee8       0x12 ./Drivers/STM32F1xx_HAL_Driver/Src/stm32f1xx_hal_tim_ex.o
                0x0000000008006ee8                HAL_TIMEx_CommutCallback
 .text.HAL_TIMEx_BreakCallback
                0x0000000008006efa       0x12 ./Drivers/STM32F1xx_HAL_Driver/Src/stm32f1xx_hal_tim_ex.o
                0x0000000008006efa                HAL_TIMEx_BreakCallback
 .text.HAL_UART_Init
                0x0000000008006f0c       0xa0 ./Drivers/STM32F1xx_HAL_Driver/Src/stm32f1xx_hal_uart.o
                0x0000000008006f0c                HAL_UART_Init
 .text.HAL_UART_Transmit
                0x0000000008006fac      0x106 ./Drivers/STM32F1xx_HAL_Driver/Src/stm32f1xx_hal_uart.o
                0x0000000008006fac                HAL_UART_Transmit
 .text.UART_WaitOnFlagUntilTimeout
                0x00000000080070b2       0xdc ./Drivers/STM32F1xx_HAL_Driver/Src/stm32f1xx_hal_uart.o
 *fill*         0x000000000800718e        0x2 
 .text.UART_SetConfig
                0x0000000008007190      0x11c ./Drivers/STM32F1xx_HAL_Driver/Src/stm32f1xx_hal_uart.o
 .text.MX_FATFS_Init
                0x00000000080072ac       0x24 ./FATFS/App/fatfs.o
                0x00000000080072ac                MX_FATFS_Init
 .text.USER_initialize
                0x00000000080072d0       0x1e ./FATFS/Target/user_diskio.o
                0x00000000080072d0                USER_initialize
 .text.USER_status
                0x00000000080072ee       0x1e ./FATFS/Target/user_diskio.o
                0x00000000080072ee                USER_status
 .text.USER_read
                0x000000000800730c       0x28 ./FATFS/Target/user_diskio.o
                0x000000000800730c                USER_read
 .text.USER_write
                0x0000000008007334       0x28 ./FATFS/Target/user_diskio.o
                0x0000000008007334                USER_write
 .text.USER_ioctl
                0x000000000800735c       0x28 ./FATFS/Target/user_diskio.o
                0x000000000800735c                USER_ioctl
 .text.FATFS_LinkDriverEx
                0x0000000008007384       0x94 ./Middlewares/Third_Party/FatFs/src/ff_gen_drv.o
                0x0000000008007384                FATFS_LinkDriverEx
 .text.FATFS_LinkDriver
                0x0000000008007418       0x1e ./Middlewares/Third_Party/FatFs/src/ff_gen_drv.o
                0x0000000008007418                FATFS_LinkDriver
 *fill*         0x0000000008007436        0x2 
 .text.sprintf  0x0000000008007438       0x40 C:/ST/STM32CubeIDE_1.13.2/STM32CubeIDE/plugins/com.st.stm32cube.ide.mcu.externaltools.gnu-tools-for-stm32.11.3.rel1.win32_1.1.1.202309131626/tools/bin/../lib/gcc/arm-none-eabi/11.3.1/../../../../arm-none-eabi/lib/thumb/v7-m/nofp\libc_nano.a(libc_a-sprintf.o)
                0x0000000008007438                siprintf
                0x0000000008007438                sprintf
 .text.memset   0x0000000008007478       0x10 C:/ST/STM32CubeIDE_1.13.2/STM32CubeIDE/plugins/com.st.stm32cube.ide.mcu.externaltools.gnu-tools-for-stm32.11.3.rel1.win32_1.1.1.202309131626/tools/bin/../lib/gcc/arm-none-eabi/11.3.1/../../../../arm-none-eabi/lib/thumb/v7-m/nofp\libc_nano.a(libc_a-memset.o)
                0x0000000008007478                memset
 .text.__errno  0x0000000008007488        0xc C:/ST/STM32CubeIDE_1.13.2/STM32CubeIDE/plugins/com.st.stm32cube.ide.mcu.externaltools.gnu-tools-for-stm32.11.3.rel1.win32_1.1.1.202309131626/tools/bin/../lib/gcc/arm-none-eabi/11.3.1/../../../../arm-none-eabi/lib/thumb/v7-m/nofp\libc_nano.a(libc_a-errno.o)
                0x0000000008007488                __errno
 .text.__libc_init_array
                0x0000000008007494       0x48 C:/ST/STM32CubeIDE_1.13.2/STM32CubeIDE/plugins/com.st.stm32cube.ide.mcu.externaltools.gnu-tools-for-stm32.11.3.rel1.win32_1.1.1.202309131626/tools/bin/../lib/gcc/arm-none-eabi/11.3.1/../../../../arm-none-eabi/lib/thumb/v7-m/nofp\libc_nano.a(libc_a-init.o)
                0x0000000008007494                __libc_init_array
 .text.__retarget_lock_acquire_recursive
                0x00000000080074dc        0x2 C:/ST/STM32CubeIDE_1.13.2/STM32CubeIDE/plugins/com.st.stm32cube.ide.mcu.externaltools.gnu-tools-for-stm32.11.3.rel1.win32_1.1.1.202309131626/tools/bin/../lib/gcc/arm-none-eabi/11.3.1/../../../../arm-none-eabi/lib/thumb/v7-m/nofp\libc_nano.a(libc_a-lock.o)
                0x00000000080074dc                __retarget_lock_acquire_recursive
 .text.__retarget_lock_release_recursive
                0x00000000080074de        0x2 C:/ST/STM32CubeIDE_1.13.2/STM32CubeIDE/plugins/com.st.stm32cube.ide.mcu.externaltools.gnu-tools-for-stm32.11.3.rel1.win32_1.1.1.202309131626/tools/bin/../lib/gcc/arm-none-eabi/11.3.1/../../../../arm-none-eabi/lib/thumb/v7-m/nofp\libc_nano.a(libc_a-lock.o)
                0x00000000080074de                __retarget_lock_release_recursive
 .text._free_r  0x00000000080074e0       0x90 C:/ST/STM32CubeIDE_1.13.2/STM32CubeIDE/plugins/com.st.stm32cube.ide.mcu.externaltools.gnu-tools-for-stm32.11.3.rel1.win32_1.1.1.202309131626/tools/bin/../lib/gcc/arm-none-eabi/11.3.1/../../../../arm-none-eabi/lib/thumb/v7-m/nofp\libc_nano.a(libc_a-freer.o)
                0x00000000080074e0                _free_r
 .text.sbrk_aligned
                0x0000000008007570       0x40 C:/ST/STM32CubeIDE_1.13.2/STM32CubeIDE/plugins/com.st.stm32cube.ide.mcu.externaltools.gnu-tools-for-stm32.11.3.rel1.win32_1.1.1.202309131626/tools/bin/../lib/gcc/arm-none-eabi/11.3.1/../../../../arm-none-eabi/lib/thumb/v7-m/nofp\libc_nano.a(libc_a-mallocr.o)
 .text._malloc_r
                0x00000000080075b0      0x100 C:/ST/STM32CubeIDE_1.13.2/STM32CubeIDE/plugins/com.st.stm32cube.ide.mcu.externaltools.gnu-tools-for-stm32.11.3.rel1.win32_1.1.1.202309131626/tools/bin/../lib/gcc/arm-none-eabi/11.3.1/../../../../arm-none-eabi/lib/thumb/v7-m/nofp\libc_nano.a(libc_a-mallocr.o)
                0x00000000080075b0                _malloc_r
 .text.__malloc_lock
                0x00000000080076b0        0xc C:/ST/STM32CubeIDE_1.13.2/STM32CubeIDE/plugins/com.st.stm32cube.ide.mcu.externaltools.gnu-tools-for-stm32.11.3.rel1.win32_1.1.1.202309131626/tools/bin/../lib/gcc/arm-none-eabi/11.3.1/../../../../arm-none-eabi/lib/thumb/v7-m/nofp\libc_nano.a(libc_a-mlock.o)
                0x00000000080076b0                __malloc_lock
 .text.__malloc_unlock
                0x00000000080076bc        0xc C:/ST/STM32CubeIDE_1.13.2/STM32CubeIDE/plugins/com.st.stm32cube.ide.mcu.externaltools.gnu-tools-for-stm32.11.3.rel1.win32_1.1.1.202309131626/tools/bin/../lib/gcc/arm-none-eabi/11.3.1/../../../../arm-none-eabi/lib/thumb/v7-m/nofp\libc_nano.a(libc_a-mlock.o)
                0x00000000080076bc                __malloc_unlock
 .text.__ssputs_r
                0x00000000080076c8       0xb4 C:/ST/STM32CubeIDE_1.13.2/STM32CubeIDE/plugins/com.st.stm32cube.ide.mcu.externaltools.gnu-tools-for-stm32.11.3.rel1.win32_1.1.1.202309131626/tools/bin/../lib/gcc/arm-none-eabi/11.3.1/../../../../arm-none-eabi/lib/thumb/v7-m/nofp\libc_nano.a(libc_a-nano-svfprintf.o)
                0x00000000080076c8                __ssputs_r
 .text._svfprintf_r
                0x000000000800777c      0x1fc C:/ST/STM32CubeIDE_1.13.2/STM32CubeIDE/plugins/com.st.stm32cube.ide.mcu.externaltools.gnu-tools-for-stm32.11.3.rel1.win32_1.1.1.202309131626/tools/bin/../lib/gcc/arm-none-eabi/11.3.1/../../../../arm-none-eabi/lib/thumb/v7-m/nofp\libc_nano.a(libc_a-nano-svfprintf.o)
                0x000000000800777c                _svfiprintf_r
                0x000000000800777c                _svfprintf_r
 .text._printf_common
                0x0000000008007978       0xe4 C:/ST/STM32CubeIDE_1.13.2/STM32CubeIDE/plugins/com.st.stm32cube.ide.mcu.externaltools.gnu-tools-for-stm32.11.3.rel1.win32_1.1.1.202309131626/tools/bin/../lib/gcc/arm-none-eabi/11.3.1/../../../../arm-none-eabi/lib/thumb/v7-m/nofp\libc_nano.a(libc_a-nano-vfprintf_i.o)
                0x0000000008007978                _printf_common
 .text._printf_i
                0x0000000008007a5c      0x244 C:/ST/STM32CubeIDE_1.13.2/STM32CubeIDE/plugins/com.st.stm32cube.ide.mcu.externaltools.gnu-tools-for-stm32.11.3.rel1.win32_1.1.1.202309131626/tools/bin/../lib/gcc/arm-none-eabi/11.3.1/../../../../arm-none-eabi/lib/thumb/v7-m/nofp\libc_nano.a(libc_a-nano-vfprintf_i.o)
                0x0000000008007a5c                _printf_i
 .text.memmove  0x0000000008007ca0       0x34 C:/ST/STM32CubeIDE_1.13.2/STM32CubeIDE/plugins/com.st.stm32cube.ide.mcu.externaltools.gnu-tools-for-stm32.11.3.rel1.win32_1.1.1.202309131626/tools/bin/../lib/gcc/arm-none-eabi/11.3.1/../../../../arm-none-eabi/lib/thumb/v7-m/nofp\libc_nano.a(libc_a-memmove.o)
                0x0000000008007ca0                memmove
 .text._sbrk_r  0x0000000008007cd4       0x20 C:/ST/STM32CubeIDE_1.13.2/STM32CubeIDE/plugins/com.st.stm32cube.ide.mcu.externaltools.gnu-tools-for-stm32.11.3.rel1.win32_1.1.1.202309131626/tools/bin/../lib/gcc/arm-none-eabi/11.3.1/../../../../arm-none-eabi/lib/thumb/v7-m/nofp\libc_nano.a(libc_a-sbrkr.o)
                0x0000000008007cd4                _sbrk_r
 .text.memchr   0x0000000008007cf4       0x1c C:/ST/STM32CubeIDE_1.13.2/STM32CubeIDE/plugins/com.st.stm32cube.ide.mcu.externaltools.gnu-tools-for-stm32.11.3.rel1.win32_1.1.1.202309131626/tools/bin/../lib/gcc/arm-none-eabi/11.3.1/../../../../arm-none-eabi/lib/thumb/v7-m/nofp\libc_nano.a(libc_a-memchr-stub.o)
                0x0000000008007cf4                memchr
 .text.memcpy   0x0000000008007d10       0x1c C:/ST/STM32CubeIDE_1.13.2/STM32CubeIDE/plugins/com.st.stm32cube.ide.mcu.externaltools.gnu-tools-for-stm32.11.3.rel1.win32_1.1.1.202309131626/tools/bin/../lib/gcc/arm-none-eabi/11.3.1/../../../../arm-none-eabi/lib/thumb/v7-m/nofp\libc_nano.a(libc_a-memcpy-stub.o)
                0x0000000008007d10                memcpy
 .text._realloc_r
                0x0000000008007d2c       0x5e C:/ST/STM32CubeIDE_1.13.2/STM32CubeIDE/plugins/com.st.stm32cube.ide.mcu.externaltools.gnu-tools-for-stm32.11.3.rel1.win32_1.1.1.202309131626/tools/bin/../lib/gcc/arm-none-eabi/11.3.1/../../../../arm-none-eabi/lib/thumb/v7-m/nofp\libc_nano.a(libc_a-reallocr.o)
                0x0000000008007d2c                _realloc_r
 .text._malloc_usable_size_r
                0x0000000008007d8a       0x10 C:/ST/STM32CubeIDE_1.13.2/STM32CubeIDE/plugins/com.st.stm32cube.ide.mcu.externaltools.gnu-tools-for-stm32.11.3.rel1.win32_1.1.1.202309131626/tools/bin/../lib/gcc/arm-none-eabi/11.3.1/../../../../arm-none-eabi/lib/thumb/v7-m/nofp\libc_nano.a(libc_a-msizer.o)
                0x0000000008007d8a                _malloc_usable_size_r
 *(.glue_7)
 .glue_7        0x0000000008007d9a        0x0 linker stubs
 *(.glue_7t)
 .glue_7t       0x0000000008007d9a        0x0 linker stubs
 *(.eh_frame)
 *fill*         0x0000000008007d9a        0x2 
 .eh_frame      0x0000000008007d9c        0x0 C:/ST/STM32CubeIDE_1.13.2/STM32CubeIDE/plugins/com.st.stm32cube.ide.mcu.externaltools.gnu-tools-for-stm32.11.3.rel1.win32_1.1.1.202309131626/tools/bin/../lib/gcc/arm-none-eabi/11.3.1/thumb/v7-m/nofp/crtbegin.o
 *(.init)
 .init          0x0000000008007d9c        0x4 C:/ST/STM32CubeIDE_1.13.2/STM32CubeIDE/plugins/com.st.stm32cube.ide.mcu.externaltools.gnu-tools-for-stm32.11.3.rel1.win32_1.1.1.202309131626/tools/bin/../lib/gcc/arm-none-eabi/11.3.1/thumb/v7-m/nofp/crti.o
                0x0000000008007d9c                _init
 .init          0x0000000008007da0        0x8 C:/ST/STM32CubeIDE_1.13.2/STM32CubeIDE/plugins/com.st.stm32cube.ide.mcu.externaltools.gnu-tools-for-stm32.11.3.rel1.win32_1.1.1.202309131626/tools/bin/../lib/gcc/arm-none-eabi/11.3.1/thumb/v7-m/nofp/crtn.o
 *(.fini)
 .fini          0x0000000008007da8        0x4 C:/ST/STM32CubeIDE_1.13.2/STM32CubeIDE/plugins/com.st.stm32cube.ide.mcu.externaltools.gnu-tools-for-stm32.11.3.rel1.win32_1.1.1.202309131626/tools/bin/../lib/gcc/arm-none-eabi/11.3.1/thumb/v7-m/nofp/crti.o
                0x0000000008007da8                _fini
 .fini          0x0000000008007dac        0x8 C:/ST/STM32CubeIDE_1.13.2/STM32CubeIDE/plugins/com.st.stm32cube.ide.mcu.externaltools.gnu-tools-for-stm32.11.3.rel1.win32_1.1.1.202309131626/tools/bin/../lib/gcc/arm-none-eabi/11.3.1/thumb/v7-m/nofp/crtn.o
                0x0000000008007db4                . = ALIGN (0x4)
                0x0000000008007db4                _etext = .

.vfp11_veneer   0x0000000008007db4        0x0
 .vfp11_veneer  0x0000000008007db4        0x0 linker stubs

.v4_bx          0x0000000008007db4        0x0
 .v4_bx         0x0000000008007db4        0x0 linker stubs

.iplt           0x0000000008007db4        0x0
 .iplt          0x0000000008007db4        0x0 C:/ST/STM32CubeIDE_1.13.2/STM32CubeIDE/plugins/com.st.stm32cube.ide.mcu.externaltools.gnu-tools-for-stm32.11.3.rel1.win32_1.1.1.202309131626/tools/bin/../lib/gcc/arm-none-eabi/11.3.1/thumb/v7-m/nofp/crtbegin.o

.rodata         0x0000000008007db4       0xe4
                0x0000000008007db4                . = ALIGN (0x4)
 *(.rodata)
 .rodata        0x0000000008007db4       0x6d ./Core/Src/main.o
 *(.rodata*)
 *fill*         0x0000000008007e21        0x3 
 .rodata.AHBPrescTable
                0x0000000008007e24       0x10 ./Core/Src/system_stm32f1xx.o
                0x0000000008007e24                AHBPrescTable
 .rodata.APBPrescTable
                0x0000000008007e34        0x8 ./Core/Src/system_stm32f1xx.o
                0x0000000008007e34                APBPrescTable
 .rodata.aPLLMULFactorTable.1
                0x0000000008007e3c       0x10 ./Drivers/STM32F1xx_HAL_Driver/Src/stm32f1xx_hal_rcc.o
 .rodata.aPredivFactorTable.0
                0x0000000008007e4c        0x2 ./Drivers/STM32F1xx_HAL_Driver/Src/stm32f1xx_hal_rcc.o
 *fill*         0x0000000008007e4e        0x2 
 .rodata.aPLLMULFactorTable.1
                0x0000000008007e50       0x10 ./Drivers/STM32F1xx_HAL_Driver/Src/stm32f1xx_hal_rcc_ex.o
 .rodata.aPredivFactorTable.0
                0x0000000008007e60        0x2 ./Drivers/STM32F1xx_HAL_Driver/Src/stm32f1xx_hal_rcc_ex.o
 .rodata._svfprintf_r.str1.1
                0x0000000008007e62       0x11 C:/ST/STM32CubeIDE_1.13.2/STM32CubeIDE/plugins/com.st.stm32cube.ide.mcu.externaltools.gnu-tools-for-stm32.11.3.rel1.win32_1.1.1.202309131626/tools/bin/../lib/gcc/arm-none-eabi/11.3.1/../../../../arm-none-eabi/lib/thumb/v7-m/nofp\libc_nano.a(libc_a-nano-svfprintf.o)
 .rodata._printf_i.str1.1
                0x0000000008007e73       0x22 C:/ST/STM32CubeIDE_1.13.2/STM32CubeIDE/plugins/com.st.stm32cube.ide.mcu.externaltools.gnu-tools-for-stm32.11.3.rel1.win32_1.1.1.202309131626/tools/bin/../lib/gcc/arm-none-eabi/11.3.1/../../../../arm-none-eabi/lib/thumb/v7-m/nofp\libc_nano.a(libc_a-nano-vfprintf_i.o)
                0x0000000008007e98                . = ALIGN (0x4)
 *fill*         0x0000000008007e95        0x3 

.rel.dyn        0x0000000008007e98        0x0
 .rel.iplt      0x0000000008007e98        0x0 C:/ST/STM32CubeIDE_1.13.2/STM32CubeIDE/plugins/com.st.stm32cube.ide.mcu.externaltools.gnu-tools-for-stm32.11.3.rel1.win32_1.1.1.202309131626/tools/bin/../lib/gcc/arm-none-eabi/11.3.1/thumb/v7-m/nofp/crtbegin.o

.ARM.extab      0x0000000008007e98        0x0
                0x0000000008007e98                . = ALIGN (0x4)
 *(.ARM.extab* .gnu.linkonce.armextab.*)
                0x0000000008007e98                . = ALIGN (0x4)

.ARM            0x0000000008007e98        0x0
                0x0000000008007e98                . = ALIGN (0x4)
                0x0000000008007e98                __exidx_start = .
 *(.ARM.exidx*)
                0x0000000008007e98                __exidx_end = .
                0x0000000008007e98                . = ALIGN (0x4)

.preinit_array  0x0000000008007e98        0x0
                0x0000000008007e98                . = ALIGN (0x4)
                0x0000000008007e98                PROVIDE (__preinit_array_start = .)
 *(.preinit_array*)
                0x0000000008007e98                PROVIDE (__preinit_array_end = .)
                0x0000000008007e98                . = ALIGN (0x4)

.init_array     0x0000000008007e98        0x4
                0x0000000008007e98                . = ALIGN (0x4)
                0x0000000008007e98                PROVIDE (__init_array_start = .)
 *(SORT_BY_NAME(.init_array.*))
 *(.init_array*)
 .init_array    0x0000000008007e98        0x4 C:/ST/STM32CubeIDE_1.13.2/STM32CubeIDE/plugins/com.st.stm32cube.ide.mcu.externaltools.gnu-tools-for-stm32.11.3.rel1.win32_1.1.1.202309131626/tools/bin/../lib/gcc/arm-none-eabi/11.3.1/thumb/v7-m/nofp/crtbegin.o
                0x0000000008007e9c                PROVIDE (__init_array_end = .)
                0x0000000008007e9c                . = ALIGN (0x4)

.fini_array     0x0000000008007e9c        0x4
                0x0000000008007e9c                . = ALIGN (0x4)
                [!provide]                        PROVIDE (__fini_array_start = .)
 *(SORT_BY_NAME(.fini_array.*))
 *(.fini_array*)
 .fini_array    0x0000000008007e9c        0x4 C:/ST/STM32CubeIDE_1.13.2/STM32CubeIDE/plugins/com.st.stm32cube.ide.mcu.externaltools.gnu-tools-for-stm32.11.3.rel1.win32_1.1.1.202309131626/tools/bin/../lib/gcc/arm-none-eabi/11.3.1/thumb/v7-m/nofp/crtbegin.o
                [!provide]                        PROVIDE (__fini_array_end = .)
                0x0000000008007ea0                . = ALIGN (0x4)
                0x0000000008007ea0                _sidata = LOADADDR (.data)

.data           0x0000000020000000       0x78 load address 0x0000000008007ea0
                0x0000000020000000                . = ALIGN (0x4)
                0x0000000020000000                _sdata = .
 *(.data)
 *(.data*)
 .data.Stat     0x0000000020000000        0x1 ./Core/Src/fatfs_sd.o
 *fill*         0x0000000020000001        0x3 
 .data.init     0x0000000020000004        0x4 ./Core/Src/main.o
                0x0000000020000004                init
 .data.SystemCoreClock
                0x0000000020000008        0x4 ./Core/Src/system_stm32f1xx.o
                0x0000000020000008                SystemCoreClock
 .data.uwTickPrio
                0x000000002000000c        0x4 ./Drivers/STM32F1xx_HAL_Driver/Src/stm32f1xx_hal.o
                0x000000002000000c                uwTickPrio
 .data.uwTickFreq
                0x0000000020000010        0x1 ./Drivers/STM32F1xx_HAL_Driver/Src/stm32f1xx_hal.o
                0x0000000020000010                uwTickFreq
 *fill*         0x0000000020000011        0x3 
 .data.USER_Driver
                0x0000000020000014       0x14 ./FATFS/Target/user_diskio.o
                0x0000000020000014                USER_Driver
 .data._impure_data
                0x0000000020000028       0x4c C:/ST/STM32CubeIDE_1.13.2/STM32CubeIDE/plugins/com.st.stm32cube.ide.mcu.externaltools.gnu-tools-for-stm32.11.3.rel1.win32_1.1.1.202309131626/tools/bin/../lib/gcc/arm-none-eabi/11.3.1/../../../../arm-none-eabi/lib/thumb/v7-m/nofp\libc_nano.a(libc_a-impure.o)
                0x0000000020000028                _impure_data
 .data._impure_ptr
                0x0000000020000074        0x4 C:/ST/STM32CubeIDE_1.13.2/STM32CubeIDE/plugins/com.st.stm32cube.ide.mcu.externaltools.gnu-tools-for-stm32.11.3.rel1.win32_1.1.1.202309131626/tools/bin/../lib/gcc/arm-none-eabi/11.3.1/../../../../arm-none-eabi/lib/thumb/v7-m/nofp\libc_nano.a(libc_a-impure.o)
                0x0000000020000074                _impure_ptr
 *(.RamFunc)
 *(.RamFunc*)
                0x0000000020000078                . = ALIGN (0x4)
                0x0000000020000078                _edata = .

.igot.plt       0x0000000020000078        0x0 load address 0x0000000008007f18
 .igot.plt      0x0000000020000078        0x0 C:/ST/STM32CubeIDE_1.13.2/STM32CubeIDE/plugins/com.st.stm32cube.ide.mcu.externaltools.gnu-tools-for-stm32.11.3.rel1.win32_1.1.1.202309131626/tools/bin/../lib/gcc/arm-none-eabi/11.3.1/thumb/v7-m/nofp/crtbegin.o
                0x0000000020000078                . = ALIGN (0x4)

.bss            0x0000000020000078      0x3bc load address 0x0000000008007f18
                0x0000000020000078                _sbss = .
                0x0000000020000078                __bss_start__ = _sbss
 *(.bss)
 .bss           0x0000000020000078       0x1c C:/ST/STM32CubeIDE_1.13.2/STM32CubeIDE/plugins/com.st.stm32cube.ide.mcu.externaltools.gnu-tools-for-stm32.11.3.rel1.win32_1.1.1.202309131626/tools/bin/../lib/gcc/arm-none-eabi/11.3.1/thumb/v7-m/nofp/crtbegin.o
 *(.bss*)
 .bss.hadc1     0x0000000020000094       0x30 ./Core/Src/adc.o
                0x0000000020000094                hadc1
 .bss.hadc2     0x00000000200000c4       0x30 ./Core/Src/adc.o
                0x00000000200000c4                hadc2
 .bss.Timer1    0x00000000200000f4        0x2 ./Core/Src/fatfs_sd.o
                0x00000000200000f4                Timer1
 .bss.Timer2    0x00000000200000f6        0x2 ./Core/Src/fatfs_sd.o
                0x00000000200000f6                Timer2
 .bss.CardType  0x00000000200000f8        0x1 ./Core/Src/fatfs_sd.o
 .bss.PowerFlag
                0x00000000200000f9        0x1 ./Core/Src/fatfs_sd.o
 *fill*         0x00000000200000fa        0x2 
 .bss.hi2c1     0x00000000200000fc       0x54 ./Core/Src/i2c.o
                0x00000000200000fc                hi2c1
 .bss.hrtc      0x0000000020000150       0x14 ./Core/Src/main.o
                0x0000000020000150                hrtc
 .bss.hspi1     0x0000000020000164       0x58 ./Core/Src/main.o
                0x0000000020000164                hspi1
 .bss.last_compression_times
                0x00000000200001bc       0x28 ./Core/Src/main.o
                0x00000000200001bc                last_compression_times
 .bss.compression_index
                0x00000000200001e4        0x1 ./Core/Src/main.o
                0x00000000200001e4                compression_index
 *fill*         0x00000000200001e5        0x3 
 .bss.max_depth
                0x00000000200001e8        0x4 ./Core/Src/main.o
                0x00000000200001e8                max_depth
 .bss.timer_1m  0x00000000200001ec        0x4 ./Core/Src/stm32f1xx_it.o
                0x00000000200001ec                timer_1m
 .bss.timer_buzzer
                0x00000000200001f0        0x4 ./Core/Src/stm32f1xx_it.o
                0x00000000200001f0                timer_buzzer
 .bss.timer_startsound
                0x00000000200001f4        0x4 ./Core/Src/stm32f1xx_it.o
                0x00000000200001f4                timer_startsound
 .bss.__sbrk_heap_end
                0x00000000200001f8        0x4 ./Core/Src/sysmem.o
 .bss.htim2     0x00000000200001fc       0x48 ./Core/Src/tim.o
                0x00000000200001fc                htim2
 .bss.htim3     0x0000000020000244       0x48 ./Core/Src/tim.o
                0x0000000020000244                htim3
 .bss.huart1    0x000000002000028c       0x48 ./Core/Src/usart.o
                0x000000002000028c                huart1
 .bss.uwTick    0x00000000200002d4        0x4 ./Drivers/STM32F1xx_HAL_Driver/Src/stm32f1xx_hal.o
                0x00000000200002d4                uwTick
 .bss.retUSER   0x00000000200002d8        0x1 ./FATFS/App/fatfs.o
                0x00000000200002d8                retUSER
 *fill*         0x00000000200002d9        0x3 
 .bss.USERPath  0x00000000200002dc        0x4 ./FATFS/App/fatfs.o
                0x00000000200002dc                USERPath
 .bss.disk      0x00000000200002e0        0xc ./Middlewares/Third_Party/FatFs/src/ff_gen_drv.o
                0x00000000200002e0                disk
 .bss.__sf      0x00000000200002ec      0x138 C:/ST/STM32CubeIDE_1.13.2/STM32CubeIDE/plugins/com.st.stm32cube.ide.mcu.externaltools.gnu-tools-for-stm32.11.3.rel1.win32_1.1.1.202309131626/tools/bin/../lib/gcc/arm-none-eabi/11.3.1/../../../../arm-none-eabi/lib/thumb/v7-m/nofp\libc_nano.a(libc_a-findfp.o)
                0x00000000200002ec                __sf
 .bss.errno     0x0000000020000424        0x4 C:/ST/STM32CubeIDE_1.13.2/STM32CubeIDE/plugins/com.st.stm32cube.ide.mcu.externaltools.gnu-tools-for-stm32.11.3.rel1.win32_1.1.1.202309131626/tools/bin/../lib/gcc/arm-none-eabi/11.3.1/../../../../arm-none-eabi/lib/thumb/v7-m/nofp\libc_nano.a(libc_a-reent.o)
                0x0000000020000424                errno
 .bss.__lock___malloc_recursive_mutex
                0x0000000020000428        0x1 C:/ST/STM32CubeIDE_1.13.2/STM32CubeIDE/plugins/com.st.stm32cube.ide.mcu.externaltools.gnu-tools-for-stm32.11.3.rel1.win32_1.1.1.202309131626/tools/bin/../lib/gcc/arm-none-eabi/11.3.1/../../../../arm-none-eabi/lib/thumb/v7-m/nofp\libc_nano.a(libc_a-lock.o)
                0x0000000020000428                __lock___malloc_recursive_mutex
 *fill*         0x0000000020000429        0x3 
 .bss.__malloc_free_list
                0x000000002000042c        0x4 C:/ST/STM32CubeIDE_1.13.2/STM32CubeIDE/plugins/com.st.stm32cube.ide.mcu.externaltools.gnu-tools-for-stm32.11.3.rel1.win32_1.1.1.202309131626/tools/bin/../lib/gcc/arm-none-eabi/11.3.1/../../../../arm-none-eabi/lib/thumb/v7-m/nofp\libc_nano.a(libc_a-mallocr.o)
                0x000000002000042c                __malloc_free_list
 .bss.__malloc_sbrk_start
                0x0000000020000430        0x4 C:/ST/STM32CubeIDE_1.13.2/STM32CubeIDE/plugins/com.st.stm32cube.ide.mcu.externaltools.gnu-tools-for-stm32.11.3.rel1.win32_1.1.1.202309131626/tools/bin/../lib/gcc/arm-none-eabi/11.3.1/../../../../arm-none-eabi/lib/thumb/v7-m/nofp\libc_nano.a(libc_a-mallocr.o)
                0x0000000020000430                __malloc_sbrk_start
 *(COMMON)
                0x0000000020000434                . = ALIGN (0x4)
                0x0000000020000434                _ebss = .
                0x0000000020000434                __bss_end__ = _ebss

._user_heap_stack
                0x0000000020000434      0x604 load address 0x0000000008007f18
                0x0000000020000438                . = ALIGN (0x8)
 *fill*         0x0000000020000434        0x4 
                [!provide]                        PROVIDE (end = .)
                0x0000000020000438                PROVIDE (_end = .)
                0x0000000020000638                . = (. + _Min_Heap_Size)
 *fill*         0x0000000020000438      0x200 
                0x0000000020000a38                . = (. + _Min_Stack_Size)
 *fill*         0x0000000020000638      0x400 
                0x0000000020000a38                . = ALIGN (0x8)

/DISCARD/
 libc.a(*)
 libm.a(*)
 libgcc.a(*)

.ARM.attributes
                0x0000000000000000       0x29
 *(.ARM.attributes)
 .ARM.attributes
                0x0000000000000000       0x1d C:/ST/STM32CubeIDE_1.13.2/STM32CubeIDE/plugins/com.st.stm32cube.ide.mcu.externaltools.gnu-tools-for-stm32.11.3.rel1.win32_1.1.1.202309131626/tools/bin/../lib/gcc/arm-none-eabi/11.3.1/thumb/v7-m/nofp/crti.o
 .ARM.attributes
                0x000000000000001d       0x2d C:/ST/STM32CubeIDE_1.13.2/STM32CubeIDE/plugins/com.st.stm32cube.ide.mcu.externaltools.gnu-tools-for-stm32.11.3.rel1.win32_1.1.1.202309131626/tools/bin/../lib/gcc/arm-none-eabi/11.3.1/thumb/v7-m/nofp/crtbegin.o
 .ARM.attributes
                0x000000000000004a       0x2d ./Core/Src/adc.o
 .ARM.attributes
                0x0000000000000077       0x2d ./Core/Src/fatfs_sd.o
 .ARM.attributes
                0x00000000000000a4       0x2d ./Core/Src/gpio.o
 .ARM.attributes
                0x00000000000000d1       0x2d ./Core/Src/i2c.o
 .ARM.attributes
                0x00000000000000fe       0x2d ./Core/Src/main.o
 .ARM.attributes
                0x000000000000012b       0x2d ./Core/Src/rtc.o
 .ARM.attributes
                0x0000000000000158       0x2d ./Core/Src/spi.o
 .ARM.attributes
                0x0000000000000185       0x2d ./Core/Src/stm32f1xx_hal_msp.o
 .ARM.attributes
                0x00000000000001b2       0x2d ./Core/Src/stm32f1xx_it.o
 .ARM.attributes
                0x00000000000001df       0x2d ./Core/Src/sysmem.o
 .ARM.attributes
                0x000000000000020c       0x2d ./Core/Src/system_stm32f1xx.o
 .ARM.attributes
                0x0000000000000239       0x2d ./Core/Src/tim.o
 .ARM.attributes
                0x0000000000000266       0x2d ./Core/Src/usart.o
 .ARM.attributes
                0x0000000000000293       0x21 ./Core/Startup/startup_stm32f103c8tx.o
 .ARM.attributes
                0x00000000000002b4       0x2d ./Drivers/STM32F1xx_HAL_Driver/Src/stm32f1xx_hal.o
 .ARM.attributes
                0x00000000000002e1       0x2d ./Drivers/STM32F1xx_HAL_Driver/Src/stm32f1xx_hal_adc.o
 .ARM.attributes
                0x000000000000030e       0x2d ./Drivers/STM32F1xx_HAL_Driver/Src/stm32f1xx_hal_adc_ex.o
 .ARM.attributes
                0x000000000000033b       0x2d ./Drivers/STM32F1xx_HAL_Driver/Src/stm32f1xx_hal_cortex.o
 .ARM.attributes
                0x0000000000000368       0x2d ./Drivers/STM32F1xx_HAL_Driver/Src/stm32f1xx_hal_gpio.o
 .ARM.attributes
                0x0000000000000395       0x2d ./Drivers/STM32F1xx_HAL_Driver/Src/stm32f1xx_hal_i2c.o
 .ARM.attributes
                0x00000000000003c2       0x2d ./Drivers/STM32F1xx_HAL_Driver/Src/stm32f1xx_hal_pwr.o
 .ARM.attributes
                0x00000000000003ef       0x2d ./Drivers/STM32F1xx_HAL_Driver/Src/stm32f1xx_hal_rcc.o
 .ARM.attributes
                0x000000000000041c       0x2d ./Drivers/STM32F1xx_HAL_Driver/Src/stm32f1xx_hal_rcc_ex.o
 .ARM.attributes
                0x0000000000000449       0x2d ./Drivers/STM32F1xx_HAL_Driver/Src/stm32f1xx_hal_rtc.o
 .ARM.attributes
                0x0000000000000476       0x2d ./Drivers/STM32F1xx_HAL_Driver/Src/stm32f1xx_hal_spi.o
 .ARM.attributes
                0x00000000000004a3       0x2d ./Drivers/STM32F1xx_HAL_Driver/Src/stm32f1xx_hal_tim.o
 .ARM.attributes
                0x00000000000004d0       0x2d ./Drivers/STM32F1xx_HAL_Driver/Src/stm32f1xx_hal_tim_ex.o
 .ARM.attributes
                0x00000000000004fd       0x2d ./Drivers/STM32F1xx_HAL_Driver/Src/stm32f1xx_hal_uart.o
 .ARM.attributes
                0x000000000000052a       0x2d ./FATFS/App/fatfs.o
 .ARM.attributes
                0x0000000000000557       0x2d ./FATFS/Target/user_diskio.o
 .ARM.attributes
                0x0000000000000584       0x2d ./Middlewares/Third_Party/FatFs/src/ff_gen_drv.o
 .ARM.attributes
                0x00000000000005b1       0x2d C:/ST/STM32CubeIDE_1.13.2/STM32CubeIDE/plugins/com.st.stm32cube.ide.mcu.externaltools.gnu-tools-for-stm32.11.3.rel1.win32_1.1.1.202309131626/tools/bin/../lib/gcc/arm-none-eabi/11.3.1/../../../../arm-none-eabi/lib/thumb/v7-m/nofp\libc_nano.a(libc_a-findfp.o)
 .ARM.attributes
                0x00000000000005de       0x2d C:/ST/STM32CubeIDE_1.13.2/STM32CubeIDE/plugins/com.st.stm32cube.ide.mcu.externaltools.gnu-tools-for-stm32.11.3.rel1.win32_1.1.1.202309131626/tools/bin/../lib/gcc/arm-none-eabi/11.3.1/../../../../arm-none-eabi/lib/thumb/v7-m/nofp\libc_nano.a(libc_a-sprintf.o)
 .ARM.attributes
                0x000000000000060b       0x2d C:/ST/STM32CubeIDE_1.13.2/STM32CubeIDE/plugins/com.st.stm32cube.ide.mcu.externaltools.gnu-tools-for-stm32.11.3.rel1.win32_1.1.1.202309131626/tools/bin/../lib/gcc/arm-none-eabi/11.3.1/../../../../arm-none-eabi/lib/thumb/v7-m/nofp\libc_nano.a(libc_a-memset.o)
 .ARM.attributes
                0x0000000000000638       0x2d C:/ST/STM32CubeIDE_1.13.2/STM32CubeIDE/plugins/com.st.stm32cube.ide.mcu.externaltools.gnu-tools-for-stm32.11.3.rel1.win32_1.1.1.202309131626/tools/bin/../lib/gcc/arm-none-eabi/11.3.1/../../../../arm-none-eabi/lib/thumb/v7-m/nofp\libc_nano.a(libc_a-reent.o)
 .ARM.attributes
                0x0000000000000665       0x2d C:/ST/STM32CubeIDE_1.13.2/STM32CubeIDE/plugins/com.st.stm32cube.ide.mcu.externaltools.gnu-tools-for-stm32.11.3.rel1.win32_1.1.1.202309131626/tools/bin/../lib/gcc/arm-none-eabi/11.3.1/../../../../arm-none-eabi/lib/thumb/v7-m/nofp\libc_nano.a(libc_a-impure.o)
 .ARM.attributes
                0x0000000000000692       0x2d C:/ST/STM32CubeIDE_1.13.2/STM32CubeIDE/plugins/com.st.stm32cube.ide.mcu.externaltools.gnu-tools-for-stm32.11.3.rel1.win32_1.1.1.202309131626/tools/bin/../lib/gcc/arm-none-eabi/11.3.1/../../../../arm-none-eabi/lib/thumb/v7-m/nofp\libc_nano.a(libc_a-errno.o)
 .ARM.attributes
                0x00000000000006bf       0x2d C:/ST/STM32CubeIDE_1.13.2/STM32CubeIDE/plugins/com.st.stm32cube.ide.mcu.externaltools.gnu-tools-for-stm32.11.3.rel1.win32_1.1.1.202309131626/tools/bin/../lib/gcc/arm-none-eabi/11.3.1/../../../../arm-none-eabi/lib/thumb/v7-m/nofp\libc_nano.a(libc_a-init.o)
 .ARM.attributes
                0x00000000000006ec       0x2d C:/ST/STM32CubeIDE_1.13.2/STM32CubeIDE/plugins/com.st.stm32cube.ide.mcu.externaltools.gnu-tools-for-stm32.11.3.rel1.win32_1.1.1.202309131626/tools/bin/../lib/gcc/arm-none-eabi/11.3.1/../../../../arm-none-eabi/lib/thumb/v7-m/nofp\libc_nano.a(libc_a-lock.o)
 .ARM.attributes
                0x0000000000000719       0x2d C:/ST/STM32CubeIDE_1.13.2/STM32CubeIDE/plugins/com.st.stm32cube.ide.mcu.externaltools.gnu-tools-for-stm32.11.3.rel1.win32_1.1.1.202309131626/tools/bin/../lib/gcc/arm-none-eabi/11.3.1/../../../../arm-none-eabi/lib/thumb/v7-m/nofp\libc_nano.a(libc_a-freer.o)
 .ARM.attributes
                0x0000000000000746       0x2d C:/ST/STM32CubeIDE_1.13.2/STM32CubeIDE/plugins/com.st.stm32cube.ide.mcu.externaltools.gnu-tools-for-stm32.11.3.rel1.win32_1.1.1.202309131626/tools/bin/../lib/gcc/arm-none-eabi/11.3.1/../../../../arm-none-eabi/lib/thumb/v7-m/nofp\libc_nano.a(libc_a-mallocr.o)
 .ARM.attributes
                0x0000000000000773       0x2d C:/ST/STM32CubeIDE_1.13.2/STM32CubeIDE/plugins/com.st.stm32cube.ide.mcu.externaltools.gnu-tools-for-stm32.11.3.rel1.win32_1.1.1.202309131626/tools/bin/../lib/gcc/arm-none-eabi/11.3.1/../../../../arm-none-eabi/lib/thumb/v7-m/nofp\libc_nano.a(libc_a-mlock.o)
 .ARM.attributes
                0x00000000000007a0       0x2d C:/ST/STM32CubeIDE_1.13.2/STM32CubeIDE/plugins/com.st.stm32cube.ide.mcu.externaltools.gnu-tools-for-stm32.11.3.rel1.win32_1.1.1.202309131626/tools/bin/../lib/gcc/arm-none-eabi/11.3.1/../../../../arm-none-eabi/lib/thumb/v7-m/nofp\libc_nano.a(libc_a-nano-svfprintf.o)
 .ARM.attributes
                0x00000000000007cd       0x2d C:/ST/STM32CubeIDE_1.13.2/STM32CubeIDE/plugins/com.st.stm32cube.ide.mcu.externaltools.gnu-tools-for-stm32.11.3.rel1.win32_1.1.1.202309131626/tools/bin/../lib/gcc/arm-none-eabi/11.3.1/../../../../arm-none-eabi/lib/thumb/v7-m/nofp\libc_nano.a(libc_a-nano-vfprintf_i.o)
 .ARM.attributes
                0x00000000000007fa       0x2d C:/ST/STM32CubeIDE_1.13.2/STM32CubeIDE/plugins/com.st.stm32cube.ide.mcu.externaltools.gnu-tools-for-stm32.11.3.rel1.win32_1.1.1.202309131626/tools/bin/../lib/gcc/arm-none-eabi/11.3.1/../../../../arm-none-eabi/lib/thumb/v7-m/nofp\libc_nano.a(libc_a-memmove.o)
 .ARM.attributes
                0x0000000000000827       0x2d C:/ST/STM32CubeIDE_1.13.2/STM32CubeIDE/plugins/com.st.stm32cube.ide.mcu.externaltools.gnu-tools-for-stm32.11.3.rel1.win32_1.1.1.202309131626/tools/bin/../lib/gcc/arm-none-eabi/11.3.1/../../../../arm-none-eabi/lib/thumb/v7-m/nofp\libc_nano.a(libc_a-sbrkr.o)
 .ARM.attributes
                0x0000000000000854       0x2d C:/ST/STM32CubeIDE_1.13.2/STM32CubeIDE/plugins/com.st.stm32cube.ide.mcu.externaltools.gnu-tools-for-stm32.11.3.rel1.win32_1.1.1.202309131626/tools/bin/../lib/gcc/arm-none-eabi/11.3.1/../../../../arm-none-eabi/lib/thumb/v7-m/nofp\libc_nano.a(libc_a-memchr-stub.o)
 .ARM.attributes
                0x0000000000000881       0x2d C:/ST/STM32CubeIDE_1.13.2/STM32CubeIDE/plugins/com.st.stm32cube.ide.mcu.externaltools.gnu-tools-for-stm32.11.3.rel1.win32_1.1.1.202309131626/tools/bin/../lib/gcc/arm-none-eabi/11.3.1/../../../../arm-none-eabi/lib/thumb/v7-m/nofp\libc_nano.a(libc_a-memcpy-stub.o)
 .ARM.attributes
                0x00000000000008ae       0x2d C:/ST/STM32CubeIDE_1.13.2/STM32CubeIDE/plugins/com.st.stm32cube.ide.mcu.externaltools.gnu-tools-for-stm32.11.3.rel1.win32_1.1.1.202309131626/tools/bin/../lib/gcc/arm-none-eabi/11.3.1/../../../../arm-none-eabi/lib/thumb/v7-m/nofp\libc_nano.a(libc_a-reallocr.o)
 .ARM.attributes
                0x00000000000008db       0x2d C:/ST/STM32CubeIDE_1.13.2/STM32CubeIDE/plugins/com.st.stm32cube.ide.mcu.externaltools.gnu-tools-for-stm32.11.3.rel1.win32_1.1.1.202309131626/tools/bin/../lib/gcc/arm-none-eabi/11.3.1/../../../../arm-none-eabi/lib/thumb/v7-m/nofp\libc_nano.a(libc_a-msizer.o)
 .ARM.attributes
                0x0000000000000908       0x1d C:/ST/STM32CubeIDE_1.13.2/STM32CubeIDE/plugins/com.st.stm32cube.ide.mcu.externaltools.gnu-tools-for-stm32.11.3.rel1.win32_1.1.1.202309131626/tools/bin/../lib/gcc/arm-none-eabi/11.3.1/thumb/v7-m/nofp/crtn.o
OUTPUT(BluePill_Test.elf elf32-littlearm)
LOAD linker stubs
LOAD C:/ST/STM32CubeIDE_1.13.2/STM32CubeIDE/plugins/com.st.stm32cube.ide.mcu.externaltools.gnu-tools-for-stm32.11.3.rel1.win32_1.1.1.202309131626/tools/bin/../lib/gcc/arm-none-eabi/11.3.1/../../../../arm-none-eabi/lib/thumb/v7-m/nofp\libc.a
LOAD C:/ST/STM32CubeIDE_1.13.2/STM32CubeIDE/plugins/com.st.stm32cube.ide.mcu.externaltools.gnu-tools-for-stm32.11.3.rel1.win32_1.1.1.202309131626/tools/bin/../lib/gcc/arm-none-eabi/11.3.1/../../../../arm-none-eabi/lib/thumb/v7-m/nofp\libm.a
LOAD C:/ST/STM32CubeIDE_1.13.2/STM32CubeIDE/plugins/com.st.stm32cube.ide.mcu.externaltools.gnu-tools-for-stm32.11.3.rel1.win32_1.1.1.202309131626/tools/bin/../lib/gcc/arm-none-eabi/11.3.1/thumb/v7-m/nofp\libgcc.a

.comment        0x0000000000000000       0x43
 .comment       0x0000000000000000       0x43 C:/ST/STM32CubeIDE_1.13.2/STM32CubeIDE/plugins/com.st.stm32cube.ide.mcu.externaltools.gnu-tools-for-stm32.11.3.rel1.win32_1.1.1.202309131626/tools/bin/../lib/gcc/arm-none-eabi/11.3.1/thumb/v7-m/nofp/crtbegin.o
                                         0x44 (size before relaxing)
 .comment       0x0000000000000043       0x44 ./Core/Src/adc.o
 .comment       0x0000000000000043       0x44 ./Core/Src/fatfs_sd.o
 .comment       0x0000000000000043       0x44 ./Core/Src/gpio.o
 .comment       0x0000000000000043       0x44 ./Core/Src/i2c.o
 .comment       0x0000000000000043       0x44 ./Core/Src/main.o
 .comment       0x0000000000000043       0x44 ./Core/Src/rtc.o
 .comment       0x0000000000000043       0x44 ./Core/Src/spi.o
 .comment       0x0000000000000043       0x44 ./Core/Src/stm32f1xx_hal_msp.o
 .comment       0x0000000000000043       0x44 ./Core/Src/stm32f1xx_it.o
 .comment       0x0000000000000043       0x44 ./Core/Src/sysmem.o
 .comment       0x0000000000000043       0x44 ./Core/Src/system_stm32f1xx.o
 .comment       0x0000000000000043       0x44 ./Core/Src/tim.o
 .comment       0x0000000000000043       0x44 ./Core/Src/usart.o
 .comment       0x0000000000000043       0x44 ./Drivers/STM32F1xx_HAL_Driver/Src/stm32f1xx_hal.o
 .comment       0x0000000000000043       0x44 ./Drivers/STM32F1xx_HAL_Driver/Src/stm32f1xx_hal_adc.o
 .comment       0x0000000000000043       0x44 ./Drivers/STM32F1xx_HAL_Driver/Src/stm32f1xx_hal_adc_ex.o
 .comment       0x0000000000000043       0x44 ./Drivers/STM32F1xx_HAL_Driver/Src/stm32f1xx_hal_cortex.o
 .comment       0x0000000000000043       0x44 ./Drivers/STM32F1xx_HAL_Driver/Src/stm32f1xx_hal_gpio.o
 .comment       0x0000000000000043       0x44 ./Drivers/STM32F1xx_HAL_Driver/Src/stm32f1xx_hal_i2c.o
 .comment       0x0000000000000043       0x44 ./Drivers/STM32F1xx_HAL_Driver/Src/stm32f1xx_hal_pwr.o
 .comment       0x0000000000000043       0x44 ./Drivers/STM32F1xx_HAL_Driver/Src/stm32f1xx_hal_rcc.o
 .comment       0x0000000000000043       0x44 ./Drivers/STM32F1xx_HAL_Driver/Src/stm32f1xx_hal_rcc_ex.o
 .comment       0x0000000000000043       0x44 ./Drivers/STM32F1xx_HAL_Driver/Src/stm32f1xx_hal_rtc.o
 .comment       0x0000000000000043       0x44 ./Drivers/STM32F1xx_HAL_Driver/Src/stm32f1xx_hal_spi.o
 .comment       0x0000000000000043       0x44 ./Drivers/STM32F1xx_HAL_Driver/Src/stm32f1xx_hal_tim.o
 .comment       0x0000000000000043       0x44 ./Drivers/STM32F1xx_HAL_Driver/Src/stm32f1xx_hal_tim_ex.o
 .comment       0x0000000000000043       0x44 ./Drivers/STM32F1xx_HAL_Driver/Src/stm32f1xx_hal_uart.o
 .comment       0x0000000000000043       0x44 ./FATFS/App/fatfs.o
 .comment       0x0000000000000043       0x44 ./FATFS/Target/user_diskio.o
 .comment       0x0000000000000043       0x44 ./Middlewares/Third_Party/FatFs/src/ff_gen_drv.o

.debug_info     0x0000000000000000    0x17153
 .debug_info    0x0000000000000000      0x9a6 ./Core/Src/adc.o
 .debug_info    0x00000000000009a6      0xbb2 ./Core/Src/fatfs_sd.o
 .debug_info    0x0000000000001558      0x44e ./Core/Src/gpio.o
 .debug_info    0x00000000000019a6      0x879 ./Core/Src/i2c.o
 .debug_info    0x000000000000221f     0x2019 ./Core/Src/main.o
 .debug_info    0x0000000000004238      0x4d4 ./Core/Src/rtc.o
 .debug_info    0x000000000000470c      0x7a4 ./Core/Src/spi.o
 .debug_info    0x0000000000004eb0      0x1f1 ./Core/Src/stm32f1xx_hal_msp.o
 .debug_info    0x00000000000050a1      0x96d ./Core/Src/stm32f1xx_it.o
 .debug_info    0x0000000000005a0e      0x168 ./Core/Src/sysmem.o
 .debug_info    0x0000000000005b76      0x222 ./Core/Src/system_stm32f1xx.o
 .debug_info    0x0000000000005d98      0xc9e ./Core/Src/tim.o
 .debug_info    0x0000000000006a36      0x798 ./Core/Src/usart.o
 .debug_info    0x00000000000071ce       0x23 ./Core/Startup/startup_stm32f103c8tx.o
 .debug_info    0x00000000000071f1      0x704 ./Drivers/STM32F1xx_HAL_Driver/Src/stm32f1xx_hal.o
 .debug_info    0x00000000000078f5      0xc50 ./Drivers/STM32F1xx_HAL_Driver/Src/stm32f1xx_hal_adc.o
 .debug_info    0x0000000000008545      0xa10 ./Drivers/STM32F1xx_HAL_Driver/Src/stm32f1xx_hal_adc_ex.o
 .debug_info    0x0000000000008f55      0xa87 ./Drivers/STM32F1xx_HAL_Driver/Src/stm32f1xx_hal_cortex.o
 .debug_info    0x00000000000099dc      0x5ab ./Drivers/STM32F1xx_HAL_Driver/Src/stm32f1xx_hal_gpio.o
 .debug_info    0x0000000000009f87     0x2515 ./Drivers/STM32F1xx_HAL_Driver/Src/stm32f1xx_hal_i2c.o
 .debug_info    0x000000000000c49c      0x628 ./Drivers/STM32F1xx_HAL_Driver/Src/stm32f1xx_hal_pwr.o
 .debug_info    0x000000000000cac4      0x7d5 ./Drivers/STM32F1xx_HAL_Driver/Src/stm32f1xx_hal_rcc.o
 .debug_info    0x000000000000d299      0x3c0 ./Drivers/STM32F1xx_HAL_Driver/Src/stm32f1xx_hal_rcc_ex.o
 .debug_info    0x000000000000d659      0xc73 ./Drivers/STM32F1xx_HAL_Driver/Src/stm32f1xx_hal_rtc.o
 .debug_info    0x000000000000e2cc     0x1503 ./Drivers/STM32F1xx_HAL_Driver/Src/stm32f1xx_hal_spi.o
 .debug_info    0x000000000000f7cf     0x293b ./Drivers/STM32F1xx_HAL_Driver/Src/stm32f1xx_hal_tim.o
 .debug_info    0x000000000001210a     0x149b ./Drivers/STM32F1xx_HAL_Driver/Src/stm32f1xx_hal_tim_ex.o
 .debug_info    0x00000000000135a5     0x2fa8 ./Drivers/STM32F1xx_HAL_Driver/Src/stm32f1xx_hal_uart.o
 .debug_info    0x000000000001654d      0x4dd ./FATFS/App/fatfs.o
 .debug_info    0x0000000000016a2a      0x3af ./FATFS/Target/user_diskio.o
 .debug_info    0x0000000000016dd9      0x37a ./Middlewares/Third_Party/FatFs/src/ff_gen_drv.o

.debug_abbrev   0x0000000000000000     0x3e2c
 .debug_abbrev  0x0000000000000000      0x204 ./Core/Src/adc.o
 .debug_abbrev  0x0000000000000204      0x302 ./Core/Src/fatfs_sd.o
 .debug_abbrev  0x0000000000000506      0x161 ./Core/Src/gpio.o
 .debug_abbrev  0x0000000000000667      0x1ef ./Core/Src/i2c.o
 .debug_abbrev  0x0000000000000856      0x423 ./Core/Src/main.o
 .debug_abbrev  0x0000000000000c79      0x1ac ./Core/Src/rtc.o
 .debug_abbrev  0x0000000000000e25      0x1d1 ./Core/Src/spi.o
 .debug_abbrev  0x0000000000000ff6       0xdb ./Core/Src/stm32f1xx_hal_msp.o
 .debug_abbrev  0x00000000000010d1      0x1d0 ./Core/Src/stm32f1xx_it.o
 .debug_abbrev  0x00000000000012a1       0xbc ./Core/Src/sysmem.o
 .debug_abbrev  0x000000000000135d      0x13f ./Core/Src/system_stm32f1xx.o
 .debug_abbrev  0x000000000000149c      0x243 ./Core/Src/tim.o
 .debug_abbrev  0x00000000000016df      0x1e6 ./Core/Src/usart.o
 .debug_abbrev  0x00000000000018c5       0x12 ./Core/Startup/startup_stm32f103c8tx.o
 .debug_abbrev  0x00000000000018d7      0x201 ./Drivers/STM32F1xx_HAL_Driver/Src/stm32f1xx_hal.o
 .debug_abbrev  0x0000000000001ad8      0x225 ./Drivers/STM32F1xx_HAL_Driver/Src/stm32f1xx_hal_adc.o
 .debug_abbrev  0x0000000000001cfd      0x249 ./Drivers/STM32F1xx_HAL_Driver/Src/stm32f1xx_hal_adc_ex.o
 .debug_abbrev  0x0000000000001f46      0x2f8 ./Drivers/STM32F1xx_HAL_Driver/Src/stm32f1xx_hal_cortex.o
 .debug_abbrev  0x000000000000223e      0x1ca ./Drivers/STM32F1xx_HAL_Driver/Src/stm32f1xx_hal_gpio.o
 .debug_abbrev  0x0000000000002408      0x2a3 ./Drivers/STM32F1xx_HAL_Driver/Src/stm32f1xx_hal_i2c.o
 .debug_abbrev  0x00000000000026ab      0x1f6 ./Drivers/STM32F1xx_HAL_Driver/Src/stm32f1xx_hal_pwr.o
 .debug_abbrev  0x00000000000028a1      0x2b3 ./Drivers/STM32F1xx_HAL_Driver/Src/stm32f1xx_hal_rcc.o
 .debug_abbrev  0x0000000000002b54      0x188 ./Drivers/STM32F1xx_HAL_Driver/Src/stm32f1xx_hal_rcc_ex.o
 .debug_abbrev  0x0000000000002cdc      0x23a ./Drivers/STM32F1xx_HAL_Driver/Src/stm32f1xx_hal_rtc.o
 .debug_abbrev  0x0000000000002f16      0x284 ./Drivers/STM32F1xx_HAL_Driver/Src/stm32f1xx_hal_spi.o
 .debug_abbrev  0x000000000000319a      0x277 ./Drivers/STM32F1xx_HAL_Driver/Src/stm32f1xx_hal_tim.o
 .debug_abbrev  0x0000000000003411      0x282 ./Drivers/STM32F1xx_HAL_Driver/Src/stm32f1xx_hal_tim_ex.o
 .debug_abbrev  0x0000000000003693      0x2f8 ./Drivers/STM32F1xx_HAL_Driver/Src/stm32f1xx_hal_uart.o
 .debug_abbrev  0x000000000000398b      0x1a8 ./FATFS/App/fatfs.o
 .debug_abbrev  0x0000000000003b33      0x15a ./FATFS/Target/user_diskio.o
 .debug_abbrev  0x0000000000003c8d      0x19f ./Middlewares/Third_Party/FatFs/src/ff_gen_drv.o

.debug_aranges  0x0000000000000000     0x1630
 .debug_aranges
                0x0000000000000000       0x38 ./Core/Src/adc.o
 .debug_aranges
                0x0000000000000038       0xa8 ./Core/Src/fatfs_sd.o
 .debug_aranges
                0x00000000000000e0       0x20 ./Core/Src/gpio.o
 .debug_aranges
                0x0000000000000100       0x30 ./Core/Src/i2c.o
 .debug_aranges
                0x0000000000000130       0xc0 ./Core/Src/main.o
 .debug_aranges
                0x00000000000001f0       0x30 ./Core/Src/rtc.o
 .debug_aranges
                0x0000000000000220       0x30 ./Core/Src/spi.o
 .debug_aranges
                0x0000000000000250       0x20 ./Core/Src/stm32f1xx_hal_msp.o
 .debug_aranges
                0x0000000000000270       0x78 ./Core/Src/stm32f1xx_it.o
 .debug_aranges
                0x00000000000002e8       0x20 ./Core/Src/sysmem.o
 .debug_aranges
                0x0000000000000308       0x28 ./Core/Src/system_stm32f1xx.o
 .debug_aranges
                0x0000000000000330       0x40 ./Core/Src/tim.o
 .debug_aranges
                0x0000000000000370       0x30 ./Core/Src/usart.o
 .debug_aranges
                0x00000000000003a0       0x28 ./Core/Startup/startup_stm32f103c8tx.o
 .debug_aranges
                0x00000000000003c8       0xe0 ./Drivers/STM32F1xx_HAL_Driver/Src/stm32f1xx_hal.o
 .debug_aranges
                0x00000000000004a8       0xf0 ./Drivers/STM32F1xx_HAL_Driver/Src/stm32f1xx_hal_adc.o
 .debug_aranges
                0x0000000000000598       0x80 ./Drivers/STM32F1xx_HAL_Driver/Src/stm32f1xx_hal_adc_ex.o
 .debug_aranges
                0x0000000000000618      0x100 ./Drivers/STM32F1xx_HAL_Driver/Src/stm32f1xx_hal_cortex.o
 .debug_aranges
                0x0000000000000718       0x58 ./Drivers/STM32F1xx_HAL_Driver/Src/stm32f1xx_hal_gpio.o
 .debug_aranges
                0x0000000000000770      0x2a8 ./Drivers/STM32F1xx_HAL_Driver/Src/stm32f1xx_hal_i2c.o
 .debug_aranges
                0x0000000000000a18       0xa8 ./Drivers/STM32F1xx_HAL_Driver/Src/stm32f1xx_hal_pwr.o
 .debug_aranges
                0x0000000000000ac0       0x90 ./Drivers/STM32F1xx_HAL_Driver/Src/stm32f1xx_hal_rcc.o
 .debug_aranges
                0x0000000000000b50       0x30 ./Drivers/STM32F1xx_HAL_Driver/Src/stm32f1xx_hal_rcc_ex.o
 .debug_aranges
                0x0000000000000b80       0xf8 ./Drivers/STM32F1xx_HAL_Driver/Src/stm32f1xx_hal_rtc.o
 .debug_aranges
                0x0000000000000c78      0x1d0 ./Drivers/STM32F1xx_HAL_Driver/Src/stm32f1xx_hal_spi.o
 .debug_aranges
                0x0000000000000e48      0x3d0 ./Drivers/STM32F1xx_HAL_Driver/Src/stm32f1xx_hal_tim.o
 .debug_aranges
                0x0000000000001218      0x168 ./Drivers/STM32F1xx_HAL_Driver/Src/stm32f1xx_hal_tim_ex.o
 .debug_aranges
                0x0000000000001380      0x208 ./Drivers/STM32F1xx_HAL_Driver/Src/stm32f1xx_hal_uart.o
 .debug_aranges
                0x0000000000001588       0x28 ./FATFS/App/fatfs.o
 .debug_aranges
                0x00000000000015b0       0x40 ./FATFS/Target/user_diskio.o
 .debug_aranges
                0x00000000000015f0       0x40 ./Middlewares/Third_Party/FatFs/src/ff_gen_drv.o

.debug_rnglists
                0x0000000000000000     0x1140
 .debug_rnglists
                0x0000000000000000       0x26 ./Core/Src/adc.o
 .debug_rnglists
                0x0000000000000026       0x80 ./Core/Src/fatfs_sd.o
 .debug_rnglists
                0x00000000000000a6       0x14 ./Core/Src/gpio.o
 .debug_rnglists
                0x00000000000000ba       0x20 ./Core/Src/i2c.o
 .debug_rnglists
                0x00000000000000da       0x8f ./Core/Src/main.o
 .debug_rnglists
                0x0000000000000169       0x20 ./Core/Src/rtc.o
 .debug_rnglists
                0x0000000000000189       0x20 ./Core/Src/spi.o
 .debug_rnglists
                0x00000000000001a9       0x13 ./Core/Src/stm32f1xx_hal_msp.o
 .debug_rnglists
                0x00000000000001bc       0x55 ./Core/Src/stm32f1xx_it.o
 .debug_rnglists
                0x0000000000000211       0x13 ./Core/Src/sysmem.o
 .debug_rnglists
                0x0000000000000224       0x1a ./Core/Src/system_stm32f1xx.o
 .debug_rnglists
                0x000000000000023e       0x2e ./Core/Src/tim.o
 .debug_rnglists
                0x000000000000026c       0x20 ./Core/Src/usart.o
 .debug_rnglists
                0x000000000000028c       0x19 ./Core/Startup/startup_stm32f103c8tx.o
 .debug_rnglists
                0x00000000000002a5       0xa3 ./Drivers/STM32F1xx_HAL_Driver/Src/stm32f1xx_hal.o
 .debug_rnglists
                0x0000000000000348       0xbc ./Drivers/STM32F1xx_HAL_Driver/Src/stm32f1xx_hal_adc.o
 .debug_rnglists
                0x0000000000000404       0x65 ./Drivers/STM32F1xx_HAL_Driver/Src/stm32f1xx_hal_adc_ex.o
 .debug_rnglists
                0x0000000000000469       0xbb ./Drivers/STM32F1xx_HAL_Driver/Src/stm32f1xx_hal_cortex.o
 .debug_rnglists
                0x0000000000000524       0x3f ./Drivers/STM32F1xx_HAL_Driver/Src/stm32f1xx_hal_gpio.o
 .debug_rnglists
                0x0000000000000563      0x23c ./Drivers/STM32F1xx_HAL_Driver/Src/stm32f1xx_hal_i2c.o
 .debug_rnglists
                0x000000000000079f       0x7a ./Drivers/STM32F1xx_HAL_Driver/Src/stm32f1xx_hal_pwr.o
 .debug_rnglists
                0x0000000000000819       0x6c ./Drivers/STM32F1xx_HAL_Driver/Src/stm32f1xx_hal_rcc.o
 .debug_rnglists
                0x0000000000000885       0x21 ./Drivers/STM32F1xx_HAL_Driver/Src/stm32f1xx_hal_rcc_ex.o
 .debug_rnglists
                0x00000000000008a6       0xc1 ./Drivers/STM32F1xx_HAL_Driver/Src/stm32f1xx_hal_rtc.o
 .debug_rnglists
                0x0000000000000967      0x16e ./Drivers/STM32F1xx_HAL_Driver/Src/stm32f1xx_hal_spi.o
 .debug_rnglists
                0x0000000000000ad5      0x31a ./Drivers/STM32F1xx_HAL_Driver/Src/stm32f1xx_hal_tim.o
 .debug_rnglists
                0x0000000000000def      0x125 ./Drivers/STM32F1xx_HAL_Driver/Src/stm32f1xx_hal_tim_ex.o
 .debug_rnglists
                0x0000000000000f14      0x1bc ./Drivers/STM32F1xx_HAL_Driver/Src/stm32f1xx_hal_uart.o
 .debug_rnglists
                0x00000000000010d0       0x19 ./FATFS/App/fatfs.o
 .debug_rnglists
                0x00000000000010e9       0x2b ./FATFS/Target/user_diskio.o
 .debug_rnglists
                0x0000000000001114       0x2c ./Middlewares/Third_Party/FatFs/src/ff_gen_drv.o

.debug_macro    0x0000000000000000    0x1b2c0
 .debug_macro   0x0000000000000000      0x1f3 ./Core/Src/adc.o
 .debug_macro   0x00000000000001f3      0xa9c ./Core/Src/adc.o
 .debug_macro   0x0000000000000c8f      0x233 ./Core/Src/adc.o
 .debug_macro   0x0000000000000ec2       0x2e ./Core/Src/adc.o
 .debug_macro   0x0000000000000ef0       0x22 ./Core/Src/adc.o
 .debug_macro   0x0000000000000f12       0x22 ./Core/Src/adc.o
 .debug_macro   0x0000000000000f34       0x8e ./Core/Src/adc.o
 .debug_macro   0x0000000000000fc2       0x51 ./Core/Src/adc.o
 .debug_macro   0x0000000000001013      0x103 ./Core/Src/adc.o
 .debug_macro   0x0000000000001116       0x6a ./Core/Src/adc.o
 .debug_macro   0x0000000000001180      0x1df ./Core/Src/adc.o
 .debug_macro   0x000000000000135f       0x1c ./Core/Src/adc.o
 .debug_macro   0x000000000000137b       0x22 ./Core/Src/adc.o
 .debug_macro   0x000000000000139d       0xbd ./Core/Src/adc.o
 .debug_macro   0x000000000000145a      0xd23 ./Core/Src/adc.o
 .debug_macro   0x000000000000217d     0xe09e ./Core/Src/adc.o
 .debug_macro   0x000000000001021b       0x6d ./Core/Src/adc.o
 .debug_macro   0x0000000000010288     0x348d ./Core/Src/adc.o
 .debug_macro   0x0000000000013715      0x174 ./Core/Src/adc.o
 .debug_macro   0x0000000000013889       0x5c ./Core/Src/adc.o
 .debug_macro   0x00000000000138e5      0x5bc ./Core/Src/adc.o
 .debug_macro   0x0000000000013ea1      0x289 ./Core/Src/adc.o
 .debug_macro   0x000000000001412a      0x1cb ./Core/Src/adc.o
 .debug_macro   0x00000000000142f5      0x114 ./Core/Src/adc.o
 .debug_macro   0x0000000000014409      0x1b2 ./Core/Src/adc.o
 .debug_macro   0x00000000000145bb       0x27 ./Core/Src/adc.o
 .debug_macro   0x00000000000145e2      0x136 ./Core/Src/adc.o
 .debug_macro   0x0000000000014718      0x1bc ./Core/Src/adc.o
 .debug_macro   0x00000000000148d4       0x34 ./Core/Src/adc.o
 .debug_macro   0x0000000000014908       0x3c ./Core/Src/adc.o
 .debug_macro   0x0000000000014944       0x57 ./Core/Src/adc.o
 .debug_macro   0x000000000001499b      0x46a ./Core/Src/adc.o
 .debug_macro   0x0000000000014e05      0x1b5 ./Core/Src/adc.o
 .debug_macro   0x0000000000014fba       0x87 ./Core/Src/adc.o
 .debug_macro   0x0000000000015041      0x240 ./Core/Src/adc.o
 .debug_macro   0x0000000000015281      0x287 ./Core/Src/adc.o
 .debug_macro   0x0000000000015508      0x140 ./Core/Src/adc.o
 .debug_macro   0x0000000000015648      0x1ef ./Core/Src/adc.o
 .debug_macro   0x0000000000015837       0xeb ./Core/Src/adc.o
 .debug_macro   0x0000000000015922      0x217 ./Core/Src/adc.o
 .debug_macro   0x0000000000015b39      0x8ed ./Core/Src/adc.o
 .debug_macro   0x0000000000016426      0x28e ./Core/Src/adc.o
 .debug_macro   0x00000000000166b4       0x83 ./Core/Src/adc.o
 .debug_macro   0x0000000000016737      0x212 ./Core/Src/fatfs_sd.o
 .debug_macro   0x0000000000016949       0x16 ./Core/Src/fatfs_sd.o
 .debug_macro   0x000000000001695f       0x7c ./Core/Src/fatfs_sd.o
 .debug_macro   0x00000000000169db       0x9a ./Core/Src/fatfs_sd.o
 .debug_macro   0x0000000000016a75      0x1f3 ./Core/Src/gpio.o
 .debug_macro   0x0000000000016c68      0x1f3 ./Core/Src/i2c.o
 .debug_macro   0x0000000000016e5b      0x37c ./Core/Src/main.o
 .debug_macro   0x00000000000171d7       0xde ./Core/Src/main.o
 .debug_macro   0x00000000000172b5       0xf5 ./Core/Src/main.o
 .debug_macro   0x00000000000173aa       0x8e ./Core/Src/main.o
 .debug_macro   0x0000000000017438       0x61 ./Core/Src/main.o
 .debug_macro   0x0000000000017499       0x24 ./Core/Src/main.o
 .debug_macro   0x00000000000174bd       0x43 ./Core/Src/main.o
 .debug_macro   0x0000000000017500       0x34 ./Core/Src/main.o
 .debug_macro   0x0000000000017534       0x16 ./Core/Src/main.o
 .debug_macro   0x000000000001754a       0x35 ./Core/Src/main.o
 .debug_macro   0x000000000001757f      0x369 ./Core/Src/main.o
 .debug_macro   0x00000000000178e8       0x10 ./Core/Src/main.o
 .debug_macro   0x00000000000178f8       0x16 ./Core/Src/main.o
 .debug_macro   0x000000000001790e       0x43 ./Core/Src/main.o
 .debug_macro   0x0000000000017951       0x34 ./Core/Src/main.o
 .debug_macro   0x0000000000017985       0x10 ./Core/Src/main.o
 .debug_macro   0x0000000000017995       0x58 ./Core/Src/main.o
 .debug_macro   0x00000000000179ed       0x8e ./Core/Src/main.o
 .debug_macro   0x0000000000017a7b       0x1c ./Core/Src/main.o
 .debug_macro   0x0000000000017a97      0x177 ./Core/Src/main.o
 .debug_macro   0x0000000000017c0e       0x16 ./Core/Src/main.o
 .debug_macro   0x0000000000017c24       0x16 ./Core/Src/main.o
 .debug_macro   0x0000000000017c3a      0x147 ./Core/Src/main.o
 .debug_macro   0x0000000000017d81      0x1f3 ./Core/Src/rtc.o
 .debug_macro   0x0000000000017f74      0x1f3 ./Core/Src/spi.o
 .debug_macro   0x0000000000018167      0x1e9 ./Core/Src/stm32f1xx_hal_msp.o
 .debug_macro   0x0000000000018350      0x1f3 ./Core/Src/stm32f1xx_it.o
 .debug_macro   0x0000000000018543       0xff ./Core/Src/sysmem.o
 .debug_macro   0x0000000000018642      0x23c ./Core/Src/sysmem.o
 .debug_macro   0x000000000001887e      0x1df ./Core/Src/system_stm32f1xx.o
 .debug_macro   0x0000000000018a5d      0x1f3 ./Core/Src/tim.o
 .debug_macro   0x0000000000018c50      0x1f3 ./Core/Src/usart.o
 .debug_macro   0x0000000000018e43      0x203 ./Drivers/STM32F1xx_HAL_Driver/Src/stm32f1xx_hal.o
 .debug_macro   0x0000000000019046      0x1fc ./Drivers/STM32F1xx_HAL_Driver/Src/stm32f1xx_hal_adc.o
 .debug_macro   0x0000000000019242      0x1f1 ./Drivers/STM32F1xx_HAL_Driver/Src/stm32f1xx_hal_adc_ex.o
 .debug_macro   0x0000000000019433      0x1df ./Drivers/STM32F1xx_HAL_Driver/Src/stm32f1xx_hal_cortex.o
 .debug_macro   0x0000000000019612      0x24a ./Drivers/STM32F1xx_HAL_Driver/Src/stm32f1xx_hal_gpio.o
 .debug_macro   0x000000000001985c      0x22d ./Drivers/STM32F1xx_HAL_Driver/Src/stm32f1xx_hal_i2c.o
 .debug_macro   0x0000000000019a89      0x23f ./Drivers/STM32F1xx_HAL_Driver/Src/stm32f1xx_hal_pwr.o
 .debug_macro   0x0000000000019cc8      0x1f1 ./Drivers/STM32F1xx_HAL_Driver/Src/stm32f1xx_hal_rcc.o
 .debug_macro   0x0000000000019eb9      0x1df ./Drivers/STM32F1xx_HAL_Driver/Src/stm32f1xx_hal_rcc_ex.o
 .debug_macro   0x000000000001a098      0x1ee ./Drivers/STM32F1xx_HAL_Driver/Src/stm32f1xx_hal_rtc.o
 .debug_macro   0x000000000001a286      0x1e7 ./Drivers/STM32F1xx_HAL_Driver/Src/stm32f1xx_hal_spi.o