../Core/Src/main.c:190:5:main	168	static
../Core/Src/main.c:329:6:SystemClock_Config	88	static
../Core/Src/main.c:375:6:crear_archivo	64	static
../Core/Src/main.c:402:6:guardar_datos	16	static
../Core/Src/main.c:409:6:cerrar_archivo	8	static
../Core/Src/main.c:418:6:Get_RTC_DateTime	48	static
../Core/Src/main.c:451:6:HAL_GPIO_EXTI_Callback	16	static
../Core/Src/main.c:463:6:WriteByte	32	static
../Core/Src/main.c:477:6:ReadByte	32	static
../Core/Src/main.c:494:5:VL6180X_Init	16	static
../Core/Src/main.c:557:5:VL6180X_Start_Range	8	static
../Core/Src/main.c:568:5:VL6180X_Poll_Range	16	static
../Core/Src/main.c:588:5:VL6180X_Read_Range	16	static
../Core/Src/main.c:597:5:VL6180X_Clear_Interrupts	8	static
../Core/Src/main.c:606:16:FSR_Check	16	static
../Core/Src/main.c:615:6:startsound	8	static
../Core/Src/main.c:641:6:buzzer	8	static
../Core/Src/main.c:657:5:VL6180x_offset	16	static
../Core/Src/main.c:670:5:FSR_offset	16	static
../Core/Src/main.c:689:5:calculate_frequency	24	static
../Core/Src/main.c:709:6:Error_Handler	4	static,ignoring_inline_asm
